Component: ARM Compiler 5.06 update 6 (build 750) Tool: armlink [4d35ed]

==============================================================================

Section Cross References

    startup_stm32f10x_hd.o(STACK) refers (Special) to heapauxi.o(.text) for __use_two_region_memory
    startup_stm32f10x_hd.o(HEAP) refers (Special) to heapauxi.o(.text) for __use_two_region_memory
    startup_stm32f10x_hd.o(RESET) refers (Special) to heapauxi.o(.text) for __use_two_region_memory
    startup_stm32f10x_hd.o(RESET) refers to startup_stm32f10x_hd.o(STACK) for __initial_sp
    startup_stm32f10x_hd.o(RESET) refers to startup_stm32f10x_hd.o(.text) for Reset_Handler
    startup_stm32f10x_hd.o(RESET) refers to gec_time.o(i.SysTick_Handler) for SysTick_Handler
    startup_stm32f10x_hd.o(RESET) refers to gec_int.o(i.WWDG_IRQHandler) for WWDG_IRQHandler
    startup_stm32f10x_hd.o(RESET) refers to gec_int.o(i.PVD_IRQHandler) for PVD_IRQHandler
    startup_stm32f10x_hd.o(RESET) refers to gec_int.o(i.FLASH_IRQHandler) for FLASH_IRQHandler
    startup_stm32f10x_hd.o(RESET) refers to gec_int.o(i.RCC_IRQHandler) for RCC_IRQHandler
    startup_stm32f10x_hd.o(RESET) refers to gec_int.o(i.EXTI0_IRQHandler) for EXTI0_IRQHandler
    startup_stm32f10x_hd.o(RESET) refers to gec_int.o(i.EXTI1_IRQHandler) for EXTI1_IRQHandler
    startup_stm32f10x_hd.o(RESET) refers to gec_int.o(i.EXTI2_IRQHandler) for EXTI2_IRQHandler
    startup_stm32f10x_hd.o(RESET) refers to gec_int.o(i.EXTI3_IRQHandler) for EXTI3_IRQHandler
    startup_stm32f10x_hd.o(RESET) refers to gec_int.o(i.EXTI4_IRQHandler) for EXTI4_IRQHandler
    startup_stm32f10x_hd.o(RESET) refers to gec_int.o(i.CAN1_RX1_IRQHandler) for CAN1_RX1_IRQHandler
    startup_stm32f10x_hd.o(RESET) refers to gec_int.o(i.CAN1_SCE_IRQHandler) for CAN1_SCE_IRQHandler
    startup_stm32f10x_hd.o(RESET) refers to gec_int.o(i.EXTI9_5_IRQHandler) for EXTI9_5_IRQHandler
    startup_stm32f10x_hd.o(RESET) refers to gec_int.o(i.TIM1_CC_IRQHandler) for TIM1_CC_IRQHandler
    startup_stm32f10x_hd.o(RESET) refers to gec_int.o(i.TIM2_IRQHandler) for TIM2_IRQHandler
    startup_stm32f10x_hd.o(RESET) refers to gec_int.o(i.TIM3_IRQHandler) for TIM3_IRQHandler
    startup_stm32f10x_hd.o(RESET) refers to gec_int.o(i.TIM4_IRQHandler) for TIM4_IRQHandler
    startup_stm32f10x_hd.o(RESET) refers to gec_int.o(i.I2C1_EV_IRQHandler) for I2C1_EV_IRQHandler
    startup_stm32f10x_hd.o(RESET) refers to gec_int.o(i.I2C1_ER_IRQHandler) for I2C1_ER_IRQHandler
    startup_stm32f10x_hd.o(RESET) refers to gec_int.o(i.I2C2_EV_IRQHandler) for I2C2_EV_IRQHandler
    startup_stm32f10x_hd.o(RESET) refers to gec_int.o(i.I2C2_ER_IRQHandler) for I2C2_ER_IRQHandler
    startup_stm32f10x_hd.o(RESET) refers to gec_int.o(i.SPI1_IRQHandler) for SPI1_IRQHandler
    startup_stm32f10x_hd.o(RESET) refers to gec_int.o(i.SPI2_IRQHandler) for SPI2_IRQHandler
    startup_stm32f10x_hd.o(RESET) refers to gec_int.o(i.USART1_IRQHandler) for USART1_IRQHandler
    startup_stm32f10x_hd.o(RESET) refers to gec_int.o(i.USART2_IRQHandler) for USART2_IRQHandler
    startup_stm32f10x_hd.o(RESET) refers to gec_int.o(i.USART3_IRQHandler) for USART3_IRQHandler
    startup_stm32f10x_hd.o(RESET) refers to gec_int.o(i.EXTI15_10_IRQHandler) for EXTI15_10_IRQHandler
    startup_stm32f10x_hd.o(RESET) refers to gec_int.o(i.TIM8_CC_IRQHandler) for TIM8_CC_IRQHandler
    startup_stm32f10x_hd.o(RESET) refers to gec_int.o(i.FSMC_IRQHandler) for FSMC_IRQHandler
    startup_stm32f10x_hd.o(RESET) refers to gec_int.o(i.SDIO_IRQHandler) for SDIO_IRQHandler
    startup_stm32f10x_hd.o(RESET) refers to gec_int.o(i.TIM5_IRQHandler) for TIM5_IRQHandler
    startup_stm32f10x_hd.o(RESET) refers to gec_int.o(i.SPI3_IRQHandler) for SPI3_IRQHandler
    startup_stm32f10x_hd.o(RESET) refers to gec_int.o(i.UART4_IRQHandler) for UART4_IRQHandler
    startup_stm32f10x_hd.o(RESET) refers to gec_int.o(i.UART5_IRQHandler) for UART5_IRQHandler
    startup_stm32f10x_hd.o(RESET) refers to gec_int.o(i.TIM7_IRQHandler) for TIM7_IRQHandler
    startup_stm32f10x_hd.o(.text) refers (Special) to heapauxi.o(.text) for __use_two_region_memory
    startup_stm32f10x_hd.o(.text) refers to system_stm32f10x.o(i.SystemInit) for SystemInit
    startup_stm32f10x_hd.o(.text) refers to __main.o(!!!main) for __main
    startup_stm32f10x_hd.o(.text) refers to startup_stm32f10x_hd.o(HEAP) for Heap_Mem
    startup_stm32f10x_hd.o(.text) refers to startup_stm32f10x_hd.o(STACK) for Stack_Mem
    stm32f10x_adc.o(i.ADC_DeInit) refers to stm32f10x_rcc.o(i.RCC_APB2PeriphResetCmd) for RCC_APB2PeriphResetCmd
    stm32f10x_bkp.o(i.BKP_DeInit) refers to stm32f10x_rcc.o(i.RCC_BackupResetCmd) for RCC_BackupResetCmd
    stm32f10x_can.o(i.CAN_DeInit) refers to stm32f10x_rcc.o(i.RCC_APB1PeriphResetCmd) for RCC_APB1PeriphResetCmd
    stm32f10x_can.o(i.CAN_GetITStatus) refers to stm32f10x_can.o(i.CheckITStatus) for CheckITStatus
    stm32f10x_cec.o(i.CEC_DeInit) refers to stm32f10x_rcc.o(i.RCC_APB1PeriphResetCmd) for RCC_APB1PeriphResetCmd
[...]
    Removing stm32f10x_rcc.o(i.RCC_HSEConfig), (76 bytes).
    Removing stm32f10x_rcc.o(i.RCC_HSICmd), (12 bytes).
    Removing stm32f10x_rcc.o(i.RCC_ITConfig), (32 bytes).
    Removing stm32f10x_rcc.o(i.RCC_LSEConfig), (52 bytes).
    Removing stm32f10x_rcc.o(i.RCC_LSICmd), (12 bytes).
    Removing stm32f10x_rcc.o(i.RCC_MCOConfig), (12 bytes).
    Removing stm32f10x_rcc.o(i.RCC_PCLK1Config), (24 bytes).
    Removing stm32f10x_rcc.o(i.RCC_PCLK2Config), (24 bytes).
    Removing stm32f10x_rcc.o(i.RCC_PLLCmd), (12 bytes).
    Removing stm32f10x_rcc.o(i.RCC_PLLConfig), (28 bytes).
    Removing stm32f10x_rcc.o(i.RCC_RTCCLKCmd), (12 bytes).
    Removing stm32f10x_rcc.o(i.RCC_RTCCLKConfig), (16 bytes).
    Removing stm32f10x_rcc.o(i.RCC_SYSCLKConfig), (24 bytes).
    Removing stm32f10x_rcc.o(i.RCC_USBCLKConfig), (12 bytes).
    Removing stm32f10x_rcc.o(i.RCC_WaitForHSEStartUp), (56 bytes).
    Removing stm32f10x_rtc.o(i.RTC_ClearFlag), (16 bytes).
    Removing stm32f10x_rtc.o(i.RTC_ClearITPendingBit), (16 bytes).
    Removing stm32f10x_rtc.o(i.RTC_EnterConfigMode), (20 bytes).
    Removing stm32f10x_rtc.o(i.RTC_ExitConfigMode), (20 bytes).
    Removing stm32f10x_rtc.o(i.RTC_GetCounter), (20 bytes).
    Removing stm32f10x_rtc.o(i.RTC_GetDivider), (24 bytes).
    Removing stm32f10x_rtc.o(i.RTC_GetFlagStatus), (24 bytes).
    Removing stm32f10x_rtc.o(i.RTC_GetITStatus), (36 bytes).
    Removing stm32f10x_rtc.o(i.RTC_ITConfig), (32 bytes).
    Removing stm32f10x_rtc.o(i.RTC_SetAlarm), (28 bytes).
    Removing stm32f10x_rtc.o(i.RTC_SetCounter), (28 bytes).
    Removing stm32f10x_rtc.o(i.RTC_SetPrescaler), (32 bytes).
    Removing stm32f10x_rtc.o(i.RTC_WaitForLastTask), (20 bytes).
    Removing stm32f10x_rtc.o(i.RTC_WaitForSynchro), (36 bytes).
    Removing stm32f10x_sdio.o(i.SDIO_CEATAITCmd), (16 bytes).
    Removing stm32f10x_sdio.o(i.SDIO_ClearFlag), (12 bytes).
    Removing stm32f10x_sdio.o(i.SDIO_ClearITPendingBit), (12 bytes).
    Removing stm32f10x_sdio.o(i.SDIO_ClockCmd), (12 bytes).
    Removing stm32f10x_sdio.o(i.SDIO_CmdStructInit), (14 bytes).
    Removing stm32f10x_sdio.o(i.SDIO_CommandCompletionCmd), (12 bytes).
    Removing stm32f10x_sdio.o(i.SDIO_DMACmd), (12 bytes).
    Removing stm32f10x_sdio.o(i.SDIO_DataConfig), (48 bytes).
    Removing stm32f10x_sdio.o(i.SDIO_DataStructInit), (20 bytes).
    Removing stm32f10x_sdio.o(i.SDIO_DeInit), (36 bytes).
    Removing stm32f10x_sdio.o(i.SDIO_GetCommandResponse), (12 bytes).
    Removing stm32f10x_sdio.o(i.SDIO_GetDataCounter), (12 bytes).
    Removing stm32f10x_sdio.o(i.SDIO_GetFIFOCount), (12 bytes).
    Removing stm32f10x_sdio.o(i.SDIO_GetFlagStatus), (24 bytes).
    Removing stm32f10x_sdio.o(i.SDIO_GetITStatus), (24 bytes).
    Removing stm32f10x_sdio.o(i.SDIO_GetPowerState), (16 bytes).
    Removing stm32f10x_sdio.o(i.SDIO_GetResponse), (24 bytes).
    Removing stm32f10x_sdio.o(i.SDIO_ITConfig), (32 bytes).
    Removing stm32f10x_sdio.o(i.SDIO_Init), (48 bytes).
    Removing stm32f10x_sdio.o(i.SDIO_ReadData), (12 bytes).
    Removing stm32f10x_sdio.o(i.SDIO_SendCEATACmd), (12 bytes).
    Removing stm32f10x_sdio.o(i.SDIO_SendCommand), (44 bytes).
    Removing stm32f10x_sdio.o(i.SDIO_SendSDIOSuspendCmd), (12 bytes).
    Removing stm32f10x_sdio.o(i.SDIO_SetPowerState), (28 bytes).
    Removing stm32f10x_sdio.o(i.SDIO_SetSDIOOperation), (12 bytes).
    Removing stm32f10x_sdio.o(i.SDIO_SetSDIOReadWaitMode), (12 bytes).
    Removing stm32f10x_sdio.o(i.SDIO_StartSDIOReadWait), (12 bytes).
    Removing stm32f10x_sdio.o(i.SDIO_StopSDIOReadWait), (12 bytes).
    Removing stm32f10x_sdio.o(i.SDIO_StructInit), (16 bytes).
    Removing stm32f10x_sdio.o(i.SDIO_WriteData), (12 bytes).
    Removing stm32f10x_spi.o(i.I2S_Cmd), (24 bytes).
    Removing stm32f10x_spi.o(i.I2S_Init), (232 bytes).
    Removing stm32f10x_spi.o(i.I2S_StructInit), (20 bytes).
    Removing stm32f10x_spi.o(i.SPI_BiDirectionalLineConfig), (28 bytes).
    Removing stm32f10x_spi.o(i.SPI_CalculateCRC), (24 bytes).
    Removing stm32f10x_spi.o(i.SPI_Cmd), (24 bytes).
    Removing stm32f10x_spi.o(i.SPI_DataSizeConfig), (18 bytes).
    Removing stm32f10x_spi.o(i.SPI_GetCRC), (16 bytes).
    Removing stm32f10x_spi.o(i.SPI_GetCRCPolynomial), (6 bytes).
    Removing stm32f10x_spi.o(i.SPI_I2S_ClearFlag), (6 bytes).
    Removing stm32f10x_spi.o(i.SPI_I2S_ClearITPendingBit), (20 bytes).
    Removing stm32f10x_spi.o(i.SPI_I2S_DMACmd), (18 bytes).
    Removing stm32f10x_spi.o(i.SPI_I2S_DeInit), (88 bytes).
    Removing stm32f10x_spi.o(i.SPI_I2S_GetFlagStatus), (18 bytes).
    Removing stm32f10x_spi.o(i.SPI_I2S_GetITStatus), (52 bytes).
    Removing stm32f10x_spi.o(i.SPI_I2S_ITConfig), (32 bytes).
    Removing stm32f10x_spi.o(i.SPI_I2S_ReceiveData), (6 bytes).
    Removing stm32f10x_spi.o(i.SPI_I2S_SendData), (4 bytes).
    Removing stm32f10x_spi.o(i.SPI_Init), (60 bytes).
    Removing stm32f10x_spi.o(i.SPI_NSSInternalSoftwareConfig), (30 bytes).
    Removing stm32f10x_spi.o(i.SPI_SSOutputCmd), (24 bytes).
    Removing stm32f10x_spi.o(i.SPI_StructInit), (24 bytes).
    Removing stm32f10x_spi.o(i.SPI_TransmitCRC), (10 bytes).
    Removing stm32f10x_tim.o(i.TI1_Config), (128 bytes).
    Removing stm32f10x_tim.o(i.TI2_Config), (152 bytes).
    Removing stm32f10x_tim.o(i.TI3_Config), (144 bytes).
    Removing stm32f10x_tim.o(i.TI4_Config), (152 bytes).
    Removing stm32f10x_tim.o(i.TIM_ARRPreloadConfig), (24 bytes).
    Removing stm32f10x_tim.o(i.TIM_BDTRConfig), (32 bytes).
    Removing stm32f10x_tim.o(i.TIM_BDTRStructInit), (18 bytes).
    Removing stm32f10x_tim.o(i.TIM_CCPreloadControl), (24 bytes).
    Removing stm32f10x_tim.o(i.TIM_CCxCmd), (30 bytes).
    Removing stm32f10x_tim.o(i.TIM_CCxNCmd), (30 bytes).
    Removing stm32f10x_tim.o(i.TIM_ClearFlag), (6 bytes).
    Removing stm32f10x_tim.o(i.TIM_ClearITPendingBit), (6 bytes).
    Removing stm32f10x_tim.o(i.TIM_ClearOC1Ref), (18 bytes).
    Removing stm32f10x_tim.o(i.TIM_ClearOC2Ref), (24 bytes).
    Removing stm32f10x_tim.o(i.TIM_ClearOC3Ref), (18 bytes).
    Removing stm32f10x_tim.o(i.TIM_ClearOC4Ref), (24 bytes).
    Removing stm32f10x_tim.o(i.TIM_Cmd), (24 bytes).
    Removing stm32f10x_tim.o(i.TIM_CounterModeConfig), (18 bytes).
    Removing stm32f10x_tim.o(i.TIM_CtrlPWMOutputs), (30 bytes).
    Removing stm32f10x_tim.o(i.TIM_DMACmd), (18 bytes).
    Removing stm32f10x_tim.o(i.TIM_DMAConfig), (10 bytes).
    Removing stm32f10x_tim.o(i.TIM_DeInit), (488 bytes).
    Removing stm32f10x_tim.o(i.TIM_ETRClockMode1Config), (54 bytes).
    Removing stm32f10x_tim.o(i.TIM_ETRClockMode2Config), (32 bytes).
    Removing stm32f10x_tim.o(i.TIM_ETRConfig), (28 bytes).
    Removing stm32f10x_tim.o(i.TIM_EncoderInterfaceConfig), (66 bytes).
    Removing stm32f10x_tim.o(i.TIM_ForcedOC1Config), (18 bytes).
    Removing stm32f10x_tim.o(i.TIM_ForcedOC2Config), (26 bytes).
    Removing stm32f10x_tim.o(i.TIM_ForcedOC3Config), (18 bytes).
    Removing stm32f10x_tim.o(i.TIM_ForcedOC4Config), (26 bytes).
    Removing stm32f10x_tim.o(i.TIM_GenerateEvent), (4 bytes).
    Removing stm32f10x_tim.o(i.TIM_GetCapture1), (6 bytes).
    Removing stm32f10x_tim.o(i.TIM_GetCapture2), (6 bytes).
    Removing stm32f10x_tim.o(i.TIM_GetCapture3), (6 bytes).
    Removing stm32f10x_tim.o(i.TIM_GetCapture4), (8 bytes).
    Removing stm32f10x_tim.o(i.TIM_GetCounter), (6 bytes).
    Removing stm32f10x_tim.o(i.TIM_GetFlagStatus), (18 bytes).
    Removing stm32f10x_tim.o(i.TIM_GetITStatus), (34 bytes).
    Removing stm32f10x_tim.o(i.TIM_GetPrescaler), (6 bytes).
    Removing stm32f10x_tim.o(i.TIM_ICInit), (172 bytes).
    Removing stm32f10x_tim.o(i.TIM_ICStructInit), (18 bytes).
    Removing stm32f10x_tim.o(i.TIM_ITConfig), (18 bytes).
    Removing stm32f10x_tim.o(i.TIM_ITRxExternalClockConfig), (24 bytes).
    Removing stm32f10x_tim.o(i.TIM_InternalClockConfig), (12 bytes).
    Removing stm32f10x_tim.o(i.TIM_OC1FastConfig), (18 bytes).
    Removing stm32f10x_tim.o(i.TIM_OC1Init), (152 bytes).
    Removing stm32f10x_tim.o(i.TIM_OC1NPolarityConfig), (18 bytes).
    Removing stm32f10x_tim.o(i.TIM_OC1PolarityConfig), (18 bytes).
    Removing stm32f10x_tim.o(i.TIM_OC1PreloadConfig), (18 bytes).
    Removing stm32f10x_tim.o(i.TIM_OC2FastConfig), (26 bytes).
    Removing stm32f10x_tim.o(i.TIM_OC2Init), (164 bytes).
    Removing stm32f10x_tim.o(i.TIM_OC2NPolarityConfig), (26 bytes).
    Removing stm32f10x_tim.o(i.TIM_OC2PolarityConfig), (26 bytes).
    Removing stm32f10x_tim.o(i.TIM_OC2PreloadConfig), (26 bytes).
    Removing stm32f10x_tim.o(i.TIM_OC3FastConfig), (18 bytes).
    Removing stm32f10x_tim.o(i.TIM_OC3Init), (160 bytes).
    Removing stm32f10x_tim.o(i.TIM_OC3NPolarityConfig), (26 bytes).
    Removing stm32f10x_tim.o(i.TIM_OC3PolarityConfig), (26 bytes).
    Removing stm32f10x_tim.o(i.TIM_OC3PreloadConfig), (18 bytes).
    Removing stm32f10x_tim.o(i.TIM_OC4FastConfig), (26 bytes).
    Removing stm32f10x_tim.o(i.TIM_OC4Init), (124 bytes).
    Removing stm32f10x_tim.o(i.TIM_OC4PolarityConfig), (26 bytes).
    Removing stm32f10x_tim.o(i.TIM_OC4PreloadConfig), (26 bytes).
    Removing stm32f10x_tim.o(i.TIM_OCStructInit), (20 bytes).
    Removing stm32f10x_tim.o(i.TIM_PWMIConfig), (124 bytes).
    Removing stm32f10x_tim.o(i.TIM_PrescalerConfig), (6 bytes).
    Removing stm32f10x_tim.o(i.TIM_SelectCCDMA), (24 bytes).
    Removing stm32f10x_tim.o(i.TIM_SelectCOM), (24 bytes).
    Removing stm32f10x_tim.o(i.TIM_SelectHallSensor), (24 bytes).
    Removing stm32f10x_tim.o(i.TIM_SelectInputTrigger), (18 bytes).
    Removing stm32f10x_tim.o(i.TIM_SelectMasterSlaveMode), (18 bytes).
    Removing stm32f10x_tim.o(i.TIM_SelectOCxM), (82 bytes).
    Removing stm32f10x_tim.o(i.TIM_SelectOnePulseMode), (18 bytes).
    Removing stm32f10x_tim.o(i.TIM_SelectOutputTrigger), (18 bytes).
    Removing stm32f10x_tim.o(i.TIM_SelectSlaveMode), (18 bytes).
    Removing stm32f10x_tim.o(i.TIM_SetAutoreload), (4 bytes).
    Removing stm32f10x_tim.o(i.TIM_SetClockDivision), (18 bytes).
    Removing stm32f10x_tim.o(i.TIM_SetCompare1), (4 bytes).
    Removing stm32f10x_tim.o(i.TIM_SetCompare2), (4 bytes).
    Removing stm32f10x_tim.o(i.TIM_SetCompare3), (4 bytes).
    Removing stm32f10x_tim.o(i.TIM_SetCompare4), (6 bytes).
    Removing stm32f10x_tim.o(i.TIM_SetCounter), (4 bytes).
    Removing stm32f10x_tim.o(i.TIM_SetIC1Prescaler), (18 bytes).
    Removing stm32f10x_tim.o(i.TIM_SetIC2Prescaler), (26 bytes).
    Removing stm32f10x_tim.o(i.TIM_SetIC3Prescaler), (18 bytes).
    Removing stm32f10x_tim.o(i.TIM_SetIC4Prescaler), (26 bytes).
    Removing stm32f10x_tim.o(i.TIM_TIxExternalClockConfig), (62 bytes).
    Removing stm32f10x_tim.o(i.TIM_TimeBaseInit), (164 bytes).
    Removing stm32f10x_tim.o(i.TIM_TimeBaseStructInit), (18 bytes).
    Removing stm32f10x_tim.o(i.TIM_UpdateDisableConfig), (24 bytes).
    Removing stm32f10x_tim.o(i.TIM_UpdateRequestConfig), (24 bytes).
    Removing stm32f10x_usart.o(i.USART_ClearFlag), (18 bytes).
    Removing stm32f10x_usart.o(i.USART_ClearITPendingBit), (30 bytes).
    Removing stm32f10x_usart.o(i.USART_ClockInit), (34 bytes).
    Removing stm32f10x_usart.o(i.USART_ClockStructInit), (12 bytes).
    Removing stm32f10x_usart.o(i.USART_DMACmd), (18 bytes).
    Removing stm32f10x_usart.o(i.USART_DeInit), (156 bytes).
    Removing stm32f10x_usart.o(i.USART_GetITStatus), (84 bytes).
    Removing stm32f10x_usart.o(i.USART_HalfDuplexCmd), (24 bytes).
    Removing stm32f10x_usart.o(i.USART_IrDACmd), (24 bytes).
    Removing stm32f10x_usart.o(i.USART_IrDAConfig), (18 bytes).
    Removing stm32f10x_usart.o(i.USART_LINBreakDetectLengthConfig), (18 bytes).
    Removing stm32f10x_usart.o(i.USART_LINCmd), (24 bytes).
    Removing stm32f10x_usart.o(i.USART_OneBitMethodCmd), (24 bytes).
    Removing stm32f10x_usart.o(i.USART_OverSampling8Cmd), (22 bytes).
    Removing stm32f10x_usart.o(i.USART_ReceiverWakeUpCmd), (24 bytes).
    Removing stm32f10x_usart.o(i.USART_SendBreak), (10 bytes).
    Removing stm32f10x_usart.o(i.USART_SendData), (8 bytes).
    Removing stm32f10x_usart.o(i.USART_SetAddress), (18 bytes).
    Removing stm32f10x_usart.o(i.USART_SetGuardTime), (16 bytes).
    Removing stm32f10x_usart.o(i.USART_SetPrescaler), (16 bytes).
    Removing stm32f10x_usart.o(i.USART_SmartCardCmd), (24 bytes).
    Removing stm32f10x_usart.o(i.USART_SmartCardNACKCmd), (24 bytes).
    Removing stm32f10x_usart.o(i.USART_StructInit), (24 bytes).
    Removing stm32f10x_usart.o(i.USART_WakeUpConfig), (18 bytes).
    Removing stm32f10x_wwdg.o(i.WWDG_ClearFlag), (12 bytes).
    Removing stm32f10x_wwdg.o(i.WWDG_DeInit), (22 bytes).
    Removing stm32f10x_wwdg.o(i.WWDG_Enable), (16 bytes).
    Removing stm32f10x_wwdg.o(i.WWDG_EnableIT), (12 bytes).
    Removing stm32f10x_wwdg.o(i.WWDG_GetFlagStatus), (12 bytes).
    Removing stm32f10x_wwdg.o(i.WWDG_SetCounter), (16 bytes).
    Removing stm32f10x_wwdg.o(i.WWDG_SetPrescaler), (24 bytes).
    Removing stm32f10x_wwdg.o(i.WWDG_SetWindowValue), (40 bytes).
    Removing uart.o(i.Usart_SendAll), (48 bytes).
    Removing uart.o(i.uart1_init), (104 bytes).
    Removing uart.o(i.uart1_isr), (44 bytes).
    Removing uart.o(i.uart2_init), (104 bytes).
    Removing uart.o(i.uart2_isr), (44 bytes).
    Removing uart.o(.bss), (2080 bytes).
    Removing ring_buffer.o(i.RingBuffer_GetByteFree), (24 bytes).
    Removing ring_buffer.o(i.RingBuffer_GetByteUsed), (42 bytes).
    Removing ring_buffer.o(i.RingBuffer_GetCapacity), (10 bytes).
    Removing ring_buffer.o(i.RingBuffer_GetChecksum), (42 bytes).
    Removing ring_buffer.o(i.RingBuffer_GetValueByIndex), (44 bytes).
    Removing ring_buffer.o(i.RingBuffer_Init), (40 bytes).
    Removing ring_buffer.o(i.RingBuffer_IsEmpty), (30 bytes).
    Removing ring_buffer.o(i.RingBuffer_IsFull), (20 bytes).
    Removing ring_buffer.o(i.RingBuffer_Pop), (50 bytes).
    Removing ring_buffer.o(i.RingBuffer_Push), (44 bytes).
    Removing ring_buffer.o(i.RingBuffer_ReadByte), (12 bytes).
    Removing ring_buffer.o(i.RingBuffer_ReadByteArray), (32 bytes).
    Removing ring_buffer.o(i.RingBuffer_ReadFloat), (20 bytes).
    Removing ring_buffer.o(i.RingBuffer_ReadLong), (20 bytes).
    Removing ring_buffer.o(i.RingBuffer_ReadShort), (22 bytes).
    Removing ring_buffer.o(i.RingBuffer_ReadULong), (20 bytes).
    Removing ring_buffer.o(i.RingBuffer_ReadUShort), (22 bytes).
    Removing ring_buffer.o(i.RingBuffer_Reset), (8 bytes).
    Removing ring_buffer.o(i.RingBuffer_WriteByte), (16 bytes).
    Removing ring_buffer.o(i.RingBuffer_WriteByteArray), (32 bytes).
    Removing ring_buffer.o(i.RingBuffer_WriteFloat), (18 bytes).
    Removing ring_buffer.o(i.RingBuffer_WriteLong), (18 bytes).
    Removing ring_buffer.o(i.RingBuffer_WriteShort), (18 bytes).
    Removing ring_buffer.o(i.RingBuffer_WriteULong), (18 bytes).
    Removing ring_buffer.o(i.RingBuffer_WriteUShort), (18 bytes).
    Removing fashion_star_uart_servo.o(i.FSUS_CalcChecksum), (50 bytes).
    Removing fashion_star_uart_servo.o(i.FSUS_DampingMode), (60 bytes).
    Removing fashion_star_uart_servo.o(i.FSUS_IsValidResponsePackage), (60 bytes).
    Removing fashion_star_uart_servo.o(i.FSUS_Package2RingBuffer), (58 bytes).
    Removing fashion_star_uart_servo.o(i.FSUS_Ping), (52 bytes).
    Removing fashion_star_uart_servo.o(i.FSUS_QueryServoAngle), (108 bytes).
    Removing fashion_star_uart_servo.o(i.FSUS_QueryServoAngleMTurn), (120 bytes).
    Removing fashion_star_uart_servo.o(i.FSUS_ReadData), (96 bytes).
    Removing fashion_star_uart_servo.o(i.FSUS_RecvPackage), (308 bytes).
    Removing fashion_star_uart_servo.o(i.FSUS_ResetUserData), (54 bytes).
    Removing fashion_star_uart_servo.o(i.FSUS_RingBuffer2Package), (66 bytes).
    Removing fashion_star_uart_servo.o(i.FSUS_SendPackage), (70 bytes).
    Removing fashion_star_uart_servo.o(i.FSUS_SetServoAngle), (164 bytes).
    Removing fashion_star_uart_servo.o(i.FSUS_SetServoAngleByInterval), (192 bytes).
    Removing fashion_star_uart_servo.o(i.FSUS_SetServoAngleByVelocity), (248 bytes).
    Removing fashion_star_uart_servo.o(i.FSUS_SetServoAngleMTurn), (176 bytes).
    Removing fashion_star_uart_servo.o(i.FSUS_SetServoAngleMTurnByInterval), (204 bytes).
    Removing fashion_star_uart_servo.o(i.FSUS_SetServoAngleMTurnByVelocity), (248 bytes).
    Removing fashion_star_uart_servo.o(i.FSUS_Wait), (98 bytes).
    Removing fashion_star_uart_servo.o(i.FSUS_WheelKeepMove), (44 bytes).
    Removing fashion_star_uart_servo.o(i.FSUS_WheelMove), (86 bytes).
    Removing fashion_star_uart_servo.o(i.FSUS_WheelMoveNCircle), (44 bytes).
    Removing fashion_star_uart_servo.o(i.FSUS_WheelMoveTime), (44 bytes).
    Removing fashion_star_uart_servo.o(i.FSUS_WheelStop), (34 bytes).
    Removing fashion_star_uart_servo.o(i.FSUS_WriteData), (112 bytes).
    Removing gec_gpio.o(i.Gec_GPIO_Clear_ITFlag), (12 bytes).
    Removing gec_gpio.o(i.Gec_GPIO_Get_ITFlag), (12 bytes).
    Removing gec_gpio.o(i.Gec_GPIO_Get_Value), (16 bytes).
    Removing gec_gpio.o(i.Gec_GPIO_Toggle_Value), (8 bytes).
    Removing gec_init.o(i.Gec_Lib_Init), (12 bytes).
    Removing system_stm32f10x.o(i.SystemCoreClockUpdate), (164 bytes).
    Removing gec_int.o(i.ADC_IRQHandler), (10 bytes).
    Removing gec_int.o(i.CAN1_RX0_IRQHandler), (10 bytes).
    Removing gec_int.o(i.CAN1_TX_IRQHandler), (10 bytes).
    Removing gec_int.o(i.CAN2_RX0_IRQHandler), (10 bytes).
    Removing gec_int.o(i.CAN2_RX1_IRQHandler), (10 bytes).
    Removing gec_int.o(i.CAN2_SCE_IRQHandler), (10 bytes).
    Removing gec_int.o(i.CAN2_TX_IRQHandler), (10 bytes).
    Removing gec_int.o(i.CRYP_IRQHandler), (10 bytes).
    Removing gec_int.o(i.DCMI_IRQHandler), (10 bytes).
    Removing gec_int.o(i.DMA1_Stream0_IRQHandler), (10 bytes).
    Removing gec_int.o(i.DMA1_Stream1_IRQHandler), (10 bytes).
    Removing gec_int.o(i.DMA1_Stream2_IRQHandler), (10 bytes).
    Removing gec_int.o(i.DMA1_Stream3_IRQHandler), (10 bytes).
    Removing gec_int.o(i.DMA1_Stream4_IRQHandler), (10 bytes).
    Removing gec_int.o(i.DMA1_Stream5_IRQHandler), (10 bytes).
    Removing gec_int.o(i.DMA1_Stream6_IRQHandler), (10 bytes).
    Removing gec_int.o(i.DMA1_Stream7_IRQHandler), (10 bytes).
    Removing gec_int.o(i.DMA2_Stream0_IRQHandler), (10 bytes).
    Removing gec_int.o(i.DMA2_Stream1_IRQHandler), (10 bytes).
    Removing gec_int.o(i.DMA2_Stream2_IRQHandler), (10 bytes).
    Removing gec_int.o(i.DMA2_Stream3_IRQHandler), (10 bytes).
    Removing gec_int.o(i.DMA2_Stream4_IRQHandler), (10 bytes).
    Removing gec_int.o(i.DMA2_Stream5_IRQHandler), (10 bytes).
    Removing gec_int.o(i.DMA2_Stream6_IRQHandler), (10 bytes).
    Removing gec_int.o(i.DMA2_Stream7_IRQHandler), (10 bytes).
    Removing gec_int.o(i.ETH_IRQHandler), (10 bytes).
    Removing gec_int.o(i.ETH_WKUP_IRQHandler), (10 bytes).
    Removing gec_int.o(i.FPU_IRQHandler), (10 bytes).
    Removing gec_int.o(i.Gec_Int_Disable), (32 bytes).
    Removing gec_int.o(i.Gec_Int_Init), (96 bytes).
    Removing gec_int.o(i.Gec_Int_Unregister), (24 bytes).
    Removing gec_int.o(i.HASH_RNG_IRQHandler), (10 bytes).
    Removing gec_int.o(i.I2C3_ER_IRQHandler), (10 bytes).
    Removing gec_int.o(i.I2C3_EV_IRQHandler), (10 bytes).
    Removing gec_int.o(i.OTG_FS_IRQHandler), (10 bytes).
    Removing gec_int.o(i.OTG_FS_WKUP_IRQHandler), (10 bytes).
    Removing gec_int.o(i.OTG_HS_EP1_IN_IRQHandler), (10 bytes).
    Removing gec_int.o(i.OTG_HS_EP1_OUT_IRQHandler), (10 bytes).
    Removing gec_int.o(i.OTG_HS_IRQHandler), (10 bytes).
    Removing gec_int.o(i.OTG_HS_WKUP_IRQHandler), (10 bytes).
    Removing gec_int.o(i.RTC_Alarm_IRQHandler), (10 bytes).
    Removing gec_int.o(i.RTC_WKUP_IRQHandler), (10 bytes).
    Removing gec_int.o(i.TAMP_STAMP_IRQHandler), (10 bytes).
    Removing gec_int.o(i.TIM1_BRK_TIM9_IRQHandler), (10 bytes).
    Removing gec_int.o(i.TIM1_TRG_COM_TIM11_IRQHandler), (10 bytes).
    Removing gec_int.o(i.TIM1_UP_TIM10_IRQHandler), (10 bytes).
    Removing gec_int.o(i.TIM6_DAC_IRQHandler), (10 bytes).
    Removing gec_int.o(i.TIM8_BRK_TIM12_IRQHandler), (10 bytes).
    Removing gec_int.o(i.TIM8_TRG_COM_TIM14_IRQHandler), (10 bytes).
    Removing gec_int.o(i.TIM8_UP_TIM13_IRQHandler), (10 bytes).
    Removing gec_int.o(i.USART6_IRQHandler), (10 bytes).
    Removing gec_time.o(i.Add_Timer), (120 bytes).
    Removing gec_time.o(i.Del_Timeout_Timer), (108 bytes).
    Removing gec_time.o(i.Gec_CPUTS_To_us), (80 bytes).
    Removing gec_time.o(i.Gec_Get_CPU_TS), (12 bytes).
    Removing gec_time.o(i.Gec_Timer_Add), (176 bytes).
    Removing gec_time.o(i.Gec_Timer_Del), (92 bytes).
    Removing gec_time.o(i.Gec_Timer_Init), (48 bytes).
    Removing gec_time.o(i.Gec_Timer_Mod), (304 bytes).
    Removing gec_time.o(i.Gec_Timing_Start), (60 bytes).
    Removing gec_time.o(i.Hardware_Timer_Disable), (16 bytes).
    Removing gec_time.o(i.Hardware_Timer_Enable), (16 bytes).
    Removing gec_time.o(i.Hardware_Timer_IRQHandler), (128 bytes).
    Removing gec_time.o(i.Hardware_Timer_Init), (88 bytes).
    Removing gec_time.o(i.udelay), (72 bytes).
    Removing gec_time.o(.bss), (484 bytes).
    Removing gec_uart.o(i.Gec_UART_Write), (72 bytes).
    Removing gec_uart.o(i.fputc), (36 bytes).
    Removing gec_uart.o(.data), (4 bytes).
    Removing gec_i2c.o(i.Gec_I2C_Init), (196 bytes).
    Removing gec_i2c.o(i.Gec_I2C_Read), (212 bytes).
    Removing gec_i2c.o(i.Gec_I2C_Write), (168 bytes).
    Removing gec_i2c.o(i.WAIT_EVx_TIMEOUT), (42 bytes).
    Removing car_init.o(i.car_avoid), (132 bytes).
    Removing car_init.o(i.infrared_detecton), (120 bytes).

596 unused section(s) (total 27420 bytes) removed from the image.

==============================================================================

Image Symbol Table

    Local Symbols

    Symbol Name                              Value     Ov Type        Size  Object(Section)

    ../clib/angel/boardlib.s                 0x00000000   Number         0  boardshut.o ABSOLUTE
    ../clib/angel/boardlib.s                 0x00000000   Number         0  boardinit3.o ABSOLUTE
    ../clib/angel/boardlib.s                 0x00000000   Number         0  boardinit2.o ABSOLUTE
    ../clib/angel/boardlib.s                 0x00000000   Number         0  boardinit1.o ABSOLUTE
    ../clib/angel/handlers.s                 0x00000000   Number         0  __scatter_zi.o ABSOLUTE
    ../clib/angel/handlers.s                 0x00000000   Number         0  __scatter_copy.o ABSOLUTE
    ../clib/angel/kernel.s                   0x00000000   Number         0  rtexit2.o ABSOLUTE
    ../clib/angel/kernel.s                   0x00000000   Number         0  rtexit.o ABSOLUTE
    ../clib/angel/kernel.s                   0x00000000   Number         0  __rtentry.o ABSOLUTE
    ../clib/angel/kernel.s                   0x00000000   Number         0  __rtentry2.o ABSOLUTE
    ../clib/angel/kernel.s                   0x00000000   Number         0  __rtentry4.o ABSOLUTE
    ../clib/angel/rt.s                       0x00000000   Number         0  rt_raise.o ABSOLUTE
    ../clib/angel/rt.s                       0x00000000   Number         0  rt_heap_descriptor.o ABSOLUTE
    ../clib/angel/rt.s                       0x00000000   Number         0  rt_heap_descriptor_intlibspace.o ABSOLUTE
    ../clib/angel/scatter.s                  0x00000000   Number         0  __scatter.o ABSOLUTE
    ../clib/angel/startup.s                  0x00000000   Number         0  __main.o ABSOLUTE
    ../clib/angel/sys.s                      0x00000000   Number         0  sys_stackheap_outer.o ABSOLUTE
    ../clib/angel/sys.s                      0x00000000   Number         0  indicate_semi.o ABSOLUTE
    ../clib/angel/sys.s                      0x00000000   Number         0  mutex_dummy.o ABSOLUTE
    ../clib/angel/sys.s                      0x00000000   Number         0  use_no_semi.o ABSOLUTE
    ../clib/angel/sys.s                      0x00000000   Number         0  libspace.o ABSOLUTE
    ../clib/angel/sysapp.c                   0x00000000   Number         0  sys_command.o ABSOLUTE
    ../clib/angel/sysapp.c                   0x00000000   Number         0  sys_exit.o ABSOLUTE
    ../clib/angel/sysapp.c                   0x00000000   Number         0  sys_wrch.o ABSOLUTE
    ../clib/armsys.c                         0x00000000   Number         0  argv_veneer.o ABSOLUTE
    ../clib/armsys.c                         0x00000000   Number         0  argv_veneer.o ABSOLUTE
    ../clib/armsys.c                         0x00000000   Number         0  _get_argv.o ABSOLUTE
    ../clib/armsys.c                         0x00000000   Number         0  _get_argv_nomalloc.o ABSOLUTE
    ../clib/armsys.c                         0x00000000   Number         0  no_argv.o ABSOLUTE
    ../clib/heap1.c                          0x00000000   Number         0  h1_extend.o ABSOLUTE
    ../clib/heap1.c                          0x00000000   Number         0  h1_final.o ABSOLUTE
    ../clib/heap1.c                          0x00000000   Number         0  h1_free_mt.o ABSOLUTE
    ../clib/heap1.c                          0x00000000   Number         0  h1_alloc_mt.o ABSOLUTE
    ../clib/heap1.c                          0x00000000   Number         0  h1_free.o ABSOLUTE
    ../clib/heap1.c                          0x00000000   Number         0  h1_alloc.o ABSOLUTE
    ../clib/heap1.c                          0x00000000   Number         0  h1_final_mt.o ABSOLUTE
    ../clib/heap1.c                          0x00000000   Number         0  h1_init_mt.o ABSOLUTE
    ../clib/heap1.c                          0x00000000   Number         0  h1_init.o ABSOLUTE
    ../clib/heap1.c                          0x00000000   Number         0  h1_extend_mt.o ABSOLUTE
    ../clib/heap2.c                          0x00000000   Number         0  heap2mt.o ABSOLUTE
    ../clib/heap2.c                          0x00000000   Number         0  heap2.o ABSOLUTE
    ../clib/heap2.c                          0x00000000   Number         0  fdtree.o ABSOLUTE
    ../clib/heapalloc.c                      0x00000000   Number         0  init_alloc.o ABSOLUTE
    ../clib/heapalloc.c                      0x00000000   Number         0  free.o ABSOLUTE
    ../clib/heapalloc.c                      0x00000000   Number         0  maybetermalloc1.o ABSOLUTE
    ../clib/heapalloc.c                      0x00000000   Number         0  hrguard.o ABSOLUTE
    ../clib/heapalloc.c                      0x00000000   Number         0  malloc.o ABSOLUTE
    ../clib/heapalloc.c                      0x00000000   Number         0  heapstubs.o ABSOLUTE
    ../clib/heapalloc.c                      0x00000000   Number         0  maybetermalloc2.o ABSOLUTE
    ../clib/heapalloc.c                      0x00000000   Number         0  maybetermalloc2.o ABSOLUTE
    ../clib/heapalloc.c                      0x00000000   Number         0  hguard.o ABSOLUTE
    ../clib/heapalloc.c                      0x00000000   Number         0  maybetermalloc1.o ABSOLUTE
    ../clib/heapalloc.c                      0x00000000   Number         0  term_alloc.o ABSOLUTE
    ../clib/heapaux.c                        0x00000000   Number         0  heapauxa.o ABSOLUTE
    ../clib/heapaux.c                        0x00000000   Number         0  heapauxi.o ABSOLUTE
    ../clib/libinit.s                        0x00000000   Number         0  libshutdown.o ABSOLUTE
    ../clib/libinit.s                        0x00000000   Number         0  libinit2.o ABSOLUTE
    ../clib/libinit.s                        0x00000000   Number         0  libshutdown2.o ABSOLUTE
    ../clib/libinit.s                        0x00000000   Number         0  libinit.o ABSOLUTE
    ../clib/memcpset.s                       0x00000000   Number         0  rt_memcpy_w.o ABSOLUTE
    ../clib/signal.c                         0x00000000   Number         0  defsig_other.o ABSOLUTE
    ../clib/signal.c                         0x00000000   Number         0  defsig_pvfn_inner.o ABSOLUTE
    ../clib/signal.c                         0x00000000   Number         0  defsig_stak_inner.o ABSOLUTE
    ../clib/signal.c                         0x00000000   Number         0  defsig_rtred_inner.o ABSOLUTE
    ../clib/signal.c                         0x00000000   Number         0  defsig_fpe_inner.o ABSOLUTE
    ../clib/signal.c                         0x00000000   Number         0  defsig_abrt_inner.o ABSOLUTE
    ../clib/signal.c                         0x00000000   Number         0  defsig_rtmem_formal.o ABSOLUTE
    ../clib/signal.c                         0x00000000   Number         0  defsig_exit.o ABSOLUTE
    ../clib/signal.c                         0x00000000   Number         0  defsig_cppl_inner.o ABSOLUTE
    ../clib/signal.c                         0x00000000   Number         0  defsig_rtmem_outer.o ABSOLUTE
    ../clib/signal.c                         0x00000000   Number         0  defsig_general.o ABSOLUTE
    ../clib/signal.c                         0x00000000   Number         0  defsig_segv_inner.o ABSOLUTE
    ../clib/signal.c                         0x00000000   Number         0  defsig_rtmem_inner.o ABSOLUTE
    ../clib/signal.c                         0x00000000   Number         0  __raise.o ABSOLUTE
    ../clib/signal.s                         0x00000000   Number         0  defsig.o ABSOLUTE
    ../clib/stdlib.c                         0x00000000   Number         0  exit.o ABSOLUTE
    ../fplib/d2f.s                           0x00000000   Number         0  d2f.o ABSOLUTE
    ../fplib/ddiv.s                          0x00000000   Number         0  ddiv.o ABSOLUTE
    ../fplib/dflt.s                          0x00000000   Number         0  dflt_clz.o ABSOLUTE
    ../fplib/dnaninf.s                       0x00000000   Number         0  dnaninf.o ABSOLUTE
    ../fplib/dretinf.s                       0x00000000   Number         0  dretinf.o ABSOLUTE
    ../fplib/faddsub.s                       0x00000000   Number         0  faddsub_clz.o ABSOLUTE
    ../fplib/fcmpi.s                         0x00000000   Number         0  fcmpi.o ABSOLUTE
    ../fplib/ffix.s                          0x00000000   Number         0  ffix.o ABSOLUTE
    ../fplib/ffixu.s                         0x00000000   Number         0  ffixu.o ABSOLUTE
    ../fplib/fleqf.s                         0x00000000   Number         0  fleqf.o ABSOLUTE
    ../fplib/fmul.s                          0x00000000   Number         0  fmul.o ABSOLUTE
    ../fplib/fnaninf.s                       0x00000000   Number         0  fnaninf.o ABSOLUTE
    ../fplib/fpinit.s                        0x00000000   Number         0  fpinit.o ABSOLUTE
    ../fplib/fretinf.s                       0x00000000   Number         0  fretinf.o ABSOLUTE
    ../fplib/frleqf.s                        0x00000000   Number         0  frleqf.o ABSOLUTE
    ../fplib/usenofp.s                       0x00000000   Number         0  usenofp.o ABSOLUTE
    ..\..\CORE\core_cm3.c                    0x00000000   Number         0  core_cm3.o ABSOLUTE
    ..\..\CORE\startup_stm32f10x_hd.s        0x00000000   Number         0  startup_stm32f10x_hd.o ABSOLUTE
    ..\..\FWLIB\src\misc.c                   0x00000000   Number         0  misc.o ABSOLUTE
    ..\..\FWLIB\src\stm32f10x_adc.c          0x00000000   Number         0  stm32f10x_adc.o ABSOLUTE
    ..\..\FWLIB\src\stm32f10x_bkp.c          0x00000000   Number         0  stm32f10x_bkp.o ABSOLUTE
    ..\..\FWLIB\src\stm32f10x_can.c          0x00000000   Number         0  stm32f10x_can.o ABSOLUTE
    ..\..\FWLIB\src\stm32f10x_cec.c          0x00000000   Number         0  stm32f10x_cec.o ABSOLUTE
    ..\..\FWLIB\src\stm32f10x_crc.c          0x00000000   Number         0  stm32f10x_crc.o ABSOLUTE
    ..\..\FWLIB\src\stm32f10x_dac.c          0x00000000   Number         0  stm32f10x_dac.o ABSOLUTE
    ..\..\FWLIB\src\stm32f10x_dbgmcu.c       0x00000000   Number         0  stm32f10x_dbgmcu.o ABSOLUTE
    ..\..\FWLIB\src\stm32f10x_dma.c          0x00000000   Number         0  stm32f10x_dma.o ABSOLUTE
    ..\..\FWLIB\src\stm32f10x_exti.c         0x00000000   Number         0  stm32f10x_exti.o ABSOLUTE
    ..\..\FWLIB\src\stm32f10x_flash.c        0x00000000   Number         0  stm32f10x_flash.o ABSOLUTE
    ..\..\FWLIB\src\stm32f10x_fsmc.c         0x00000000   Number         0  stm32f10x_fsmc.o ABSOLUTE
    ..\..\FWLIB\src\stm32f10x_gpio.c         0x00000000   Number         0  stm32f10x_gpio.o ABSOLUTE
    ..\..\FWLIB\src\stm32f10x_i2c.c          0x00000000   Number         0  stm32f10x_i2c.o ABSOLUTE
    ..\..\FWLIB\src\stm32f10x_iwdg.c         0x00000000   Number         0  stm32f10x_iwdg.o ABSOLUTE
    ..\..\FWLIB\src\stm32f10x_pwr.c          0x00000000   Number         0  stm32f10x_pwr.o ABSOLUTE
    ..\..\FWLIB\src\stm32f10x_rcc.c          0x00000000   Number         0  stm32f10x_rcc.o ABSOLUTE
    ..\..\FWLIB\src\stm32f10x_rtc.c          0x00000000   Number         0  stm32f10x_rtc.o ABSOLUTE
    ..\..\FWLIB\src\stm32f10x_sdio.c         0x00000000   Number         0  stm32f10x_sdio.o ABSOLUTE
    ..\..\FWLIB\src\stm32f10x_spi.c          0x00000000   Number         0  stm32f10x_spi.o ABSOLUTE
    ..\..\FWLIB\src\stm32f10x_tim.c          0x00000000   Number         0  stm32f10x_tim.o ABSOLUTE
    ..\..\FWLIB\src\stm32f10x_usart.c        0x00000000   Number         0  stm32f10x_usart.o ABSOLUTE
    ..\..\FWLIB\src\stm32f10x_wwdg.c         0x00000000   Number         0  stm32f10x_wwdg.o ABSOLUTE
    ..\..\GEC_LIB\gec_gpio.c                 0x00000000   Number         0  gec_gpio.o ABSOLUTE
    ..\..\GEC_LIB\gec_i2c.c                  0x00000000   Number         0  gec_i2c.o ABSOLUTE
    ..\..\GEC_LIB\gec_init.c                 0x00000000   Number         0  gec_init.o ABSOLUTE
    ..\..\GEC_LIB\gec_int.c                  0x00000000   Number         0  gec_int.o ABSOLUTE
    ..\..\GEC_LIB\gec_time.c                 0x00000000   Number         0  gec_time.o ABSOLUTE
    ..\..\GEC_LIB\gec_uart.c                 0x00000000   Number         0  gec_uart.o ABSOLUTE
    ..\..\GEC_LIB\system_stm32f10x.c         0x00000000   Number         0  system_stm32f10x.o ABSOLUTE
    ..\..\SYSTEM\fashion_star_uart_servo.c   0x00000000   Number         0  fashion_star_uart_servo.o ABSOLUTE
    ..\..\SYSTEM\ring_buffer.c               0x00000000   Number         0  ring_buffer.o ABSOLUTE
    ..\..\SYSTEM\uart.c                      0x00000000   Number         0  uart.o ABSOLUTE
    ..\\..\\CORE\\core_cm3.c                 0x00000000   Number         0  core_cm3.o ABSOLUTE
    ..\src\car_init.c                        0x00000000   Number         0  car_init.o ABSOLUTE
    ..\src\main.c                            0x00000000   Number         0  main.o ABSOLUTE
    dc.s                                     0x00000000   Number         0  dc.o ABSOLUTE
    RESET                                    0x08000000   Section      304  startup_stm32f10x_hd.o(RESET)
    !!!main                                  0x08000130   Section        8  __main.o(!!!main)
    !!!scatter                               0x08000138   Section       52  __scatter.o(!!!scatter)
    !!handler_copy                           0x0800016c   Section       26  __scatter_copy.o(!!handler_copy)
    !!handler_zi                             0x08000188   Section       28  __scatter_zi.o(!!handler_zi)
    .ARM.Collect$$libinit$$00000000          0x080001a4   Section        2  libinit.o(.ARM.Collect$$libinit$$00000000)
    .ARM.Collect$$libinit$$00000002          0x080001a6   Section        0  libinit2.o(.ARM.Collect$$libinit$$00000002)
    .ARM.Collect$$libinit$$00000004          0x080001a6   Section        0  libinit2.o(.ARM.Collect$$libinit$$00000004)
    .ARM.Collect$$libinit$$0000000A          0x080001a6   Section        0  libinit2.o(.ARM.Collect$$libinit$$0000000A)
    .ARM.Collect$$libinit$$0000000C          0x080001a6   Section        0  libinit2.o(.ARM.Collect$$libinit$$0000000C)
    .ARM.Collect$$libinit$$0000000E          0x080001a6   Section        0  libinit2.o(.ARM.Collect$$libinit$$0000000E)
    .ARM.Collect$$libinit$$00000011          0x080001a6   Section        0  libinit2.o(.ARM.Collect$$libinit$$00000011)
    .ARM.Collect$$libinit$$00000013          0x080001a6   Section        0  libinit2.o(.ARM.Collect$$libinit$$00000013)
    .ARM.Collect$$libinit$$00000015          0x080001a6   Section        0  libinit2.o(.ARM.Collect$$libinit$$00000015)
    .ARM.Collect$$libinit$$00000017          0x080001a6   Section        0  libinit2.o(.ARM.Collect$$libinit$$00000017)
    .ARM.Collect$$libinit$$00000019          0x080001a6   Section        0  libinit2.o(.ARM.Collect$$libinit$$00000019)
    .ARM.Collect$$libinit$$0000001B          0x080001a6   Section        0  libinit2.o(.ARM.Collect$$libinit$$0000001B)
    .ARM.Collect$$libinit$$0000001D          0x080001a6   Section        0  libinit2.o(.ARM.Collect$$libinit$$0000001D)
    .ARM.Collect$$libinit$$0000001F          0x080001a6   Section        0  libinit2.o(.ARM.Collect$$libinit$$0000001F)
    .ARM.Collect$$libinit$$00000021          0x080001a6   Section        0  libinit2.o(.ARM.Collect$$libinit$$00000021)
    .ARM.Collect$$libinit$$00000023          0x080001a6   Section        0  libinit2.o(.ARM.Collect$$libinit$$00000023)
    .ARM.Collect$$libinit$$00000025          0x080001a6   Section        0  libinit2.o(.ARM.Collect$$libinit$$00000025)
    .ARM.Collect$$libinit$$0000002C          0x080001a6   Section        0  libinit2.o(.ARM.Collect$$libinit$$0000002C)
    .ARM.Collect$$libinit$$0000002E          0x080001a6   Section        0  libinit2.o(.ARM.Collect$$libinit$$0000002E)
    .ARM.Collect$$libinit$$00000030          0x080001a6   Section        0  libinit2.o(.ARM.Collect$$libinit$$00000030)
    .ARM.Collect$$libinit$$00000032          0x080001a6   Section        0  libinit2.o(.ARM.Collect$$libinit$$00000032)
    .ARM.Collect$$libinit$$00000033          0x080001a6   Section        2  libinit2.o(.ARM.Collect$$libinit$$00000033)
    .ARM.Collect$$libshutdown$$00000000      0x080001a8   Section        2  libshutdown.o(.ARM.Collect$$libshutdown$$00000000)
    .ARM.Collect$$libshutdown$$00000002      0x080001aa   Section        0  libshutdown2.o(.ARM.Collect$$libshutdown$$00000002)
    .ARM.Collect$$libshutdown$$00000004      0x080001aa   Section        0  libshutdown2.o(.ARM.Collect$$libshutdown$$00000004)
    .ARM.Collect$$libshutdown$$00000007      0x080001aa   Section        0  libshutdown2.o(.ARM.Collect$$libshutdown$$00000007)
    .ARM.Collect$$libshutdown$$0000000A      0x080001aa   Section        0  libshutdown2.o(.ARM.Collect$$libshutdown$$0000000A)
    .ARM.Collect$$libshutdown$$0000000C      0x080001aa   Section        0  libshutdown2.o(.ARM.Collect$$libshutdown$$0000000C)
    .ARM.Collect$$libshutdown$$0000000F      0x080001aa   Section        0  libshutdown2.o(.ARM.Collect$$libshutdown$$0000000F)
    .ARM.Collect$$libshutdown$$00000010      0x080001aa   Section        2  libshutdown2.o(.ARM.Collect$$libshutdown$$00000010)
    .ARM.Collect$$rtentry$$00000000          0x080001ac   Section        0  __rtentry.o(.ARM.Collect$$rtentry$$00000000)
    .ARM.Collect$$rtentry$$00000002          0x080001ac   Section        0  __rtentry2.o(.ARM.Collect$$rtentry$$00000002)
    .ARM.Collect$$rtentry$$00000004          0x080001ac   Section        6  __rtentry4.o(.ARM.Collect$$rtentry$$00000004)
    .ARM.Collect$$rtentry$$00000009          0x080001b2   Section        0  __rtentry2.o(.ARM.Collect$$rtentry$$00000009)
    .ARM.Collect$$rtentry$$0000000A          0x080001b2   Section        4  __rtentry2.o(.ARM.Collect$$rtentry$$0000000A)
    .ARM.Collect$$rtentry$$0000000C          0x080001b6   Section        0  __rtentry2.o(.ARM.Collect$$rtentry$$0000000C)
    .ARM.Collect$$rtentry$$0000000D          0x080001b6   Section        8  __rtentry2.o(.ARM.Collect$$rtentry$$0000000D)
    .ARM.Collect$$rtexit$$00000000           0x080001be   Section        2  rtexit.o(.ARM.Collect$$rtexit$$00000000)
    .ARM.Collect$$rtexit$$00000002           0x080001c0   Section        0  rtexit2.o(.ARM.Collect$$rtexit$$00000002)
    .ARM.Collect$$rtexit$$00000003           0x080001c0   Section        4  rtexit2.o(.ARM.Collect$$rtexit$$00000003)
    .ARM.Collect$$rtexit$$00000004           0x080001c4   Section        6  rtexit2.o(.ARM.Collect$$rtexit$$00000004)
    .text                                    0x080001cc   Section       64  startup_stm32f10x_hd.o(.text)
    .text                                    0x0800020c   Section        0  heapauxi.o(.text)
    .text                                    0x08000214   Section        8  libspace.o(.text)
    .text                                    0x0800021c   Section        2  use_no_semi.o(.text)
    .text                                    0x0800021e   Section       74  sys_stackheap_outer.o(.text)
    .text                                    0x0800021e   Section        0  indicate_semi.o(.text)
    .text                                    0x08000268   Section        0  exit.o(.text)
    .text                                    0x0800027c   Section        0  sys_exit.o(.text)
    i.CAN1_RX1_IRQHandler                    0x08000288   Section        0  gec_int.o(i.CAN1_RX1_IRQHandler)
    i.CAN1_SCE_IRQHandler                    0x08000292   Section        0  gec_int.o(i.CAN1_SCE_IRQHandler)
    i.EXTI0_IRQHandler                       0x0800029c   Section        0  gec_int.o(i.EXTI0_IRQHandler)
    i.EXTI15_10_IRQHandler                   0x080002a6   Section        0  gec_int.o(i.EXTI15_10_IRQHandler)
    i.EXTI1_IRQHandler                       0x080002b0   Section        0  gec_int.o(i.EXTI1_IRQHandler)
    i.EXTI2_IRQHandler                       0x080002ba   Section        0  gec_int.o(i.EXTI2_IRQHandler)
    i.EXTI3_IRQHandler                       0x080002c4   Section        0  gec_int.o(i.EXTI3_IRQHandler)
    i.EXTI4_IRQHandler                       0x080002ce   Section        0  gec_int.o(i.EXTI4_IRQHandler)
    i.EXTI9_5_IRQHandler                     0x080002d8   Section        0  gec_int.o(i.EXTI9_5_IRQHandler)
    i.EXTI_Init                              0x080002e4   Section        0  stm32f10x_exti.o(i.EXTI_Init)
    i.FLASH_IRQHandler                       0x08000378   Section        0  gec_int.o(i.FLASH_IRQHandler)
    i.FSMC_IRQHandler                        0x08000382   Section        0  gec_int.o(i.FSMC_IRQHandler)
    i.GPIO_EXTILineConfig                    0x0800038c   Section        0  stm32f10x_gpio.o(i.GPIO_EXTILineConfig)
    i.GPIO_Init                              0x080003cc   Section        0  stm32f10x_gpio.o(i.GPIO_Init)
    i.GPIO_PinRemapConfig                    0x080004e4   Section        0  stm32f10x_gpio.o(i.GPIO_PinRemapConfig)
    i.GPIO_WriteBit                          0x08000574   Section        0  stm32f10x_gpio.o(i.GPIO_WriteBit)
    i.Gec_GPIO_Init                          0x08000580   Section        0  gec_gpio.o(i.Gec_GPIO_Init)
    i.Gec_GPIO_Set_Value                     0x08000658   Section        0  gec_gpio.o(i.Gec_GPIO_Set_Value)
    i.Gec_IntHandler                         0x08000674   Section        0  gec_int.o(i.Gec_IntHandler)
    i.Gec_IntHandler_Dummy                   0x08000694   Section        0  gec_int.o(i.Gec_IntHandler_Dummy)
    Gec_IntHandler_Dummy                     0x08000695   Thumb Code     2  gec_int.o(i.Gec_IntHandler_Dummy)
    i.Gec_Int_Enable                         0x08000696   Section        0  gec_int.o(i.Gec_Int_Enable)
    i.Gec_Int_Register                       0x080006b4   Section        0  gec_int.o(i.Gec_Int_Register)
    i.Gec_UART_Init                          0x080006c4   Section        0  gec_uart.o(i.Gec_UART_Init)
    i.Gec_UART_Read                          0x08000820   Section        0  gec_uart.o(i.Gec_UART_Read)
    i.I2C1_ER_IRQHandler                     0x08000866   Section        0  gec_int.o(i.I2C1_ER_IRQHandler)
    i.I2C1_EV_IRQHandler                     0x08000870   Section        0  gec_int.o(i.I2C1_EV_IRQHandler)
    i.I2C2_ER_IRQHandler                     0x0800087a   Section        0  gec_int.o(i.I2C2_ER_IRQHandler)
    i.I2C2_EV_IRQHandler                     0x08000884   Section        0  gec_int.o(i.I2C2_EV_IRQHandler)
    i.NVIC_PriorityGroupConfig               0x08000890   Section        0  misc.o(i.NVIC_PriorityGroupConfig)
    i.NVIC_SetPriority                       0x080008a4   Section        0  gec_time.o(i.NVIC_SetPriority)
    NVIC_SetPriority                         0x080008a5   Thumb Code    32  gec_time.o(i.NVIC_SetPriority)
    i.PVD_IRQHandler                         0x080008cc   Section        0  gec_int.o(i.PVD_IRQHandler)
    i.RCC_APB1PeriphClockCmd                 0x080008d8   Section        0  stm32f10x_rcc.o(i.RCC_APB1PeriphClockCmd)
    i.RCC_APB2PeriphClockCmd                 0x080008f8   Section        0  stm32f10x_rcc.o(i.RCC_APB2PeriphClockCmd)
    i.RCC_GetClocksFreq                      0x08000918   Section        0  stm32f10x_rcc.o(i.RCC_GetClocksFreq)
    i.RCC_IRQHandler                         0x080009ec   Section        0  gec_int.o(i.RCC_IRQHandler)
    i.SDIO_IRQHandler                        0x080009f6   Section        0  gec_int.o(i.SDIO_IRQHandler)
    i.SPI1_IRQHandler                        0x08000a00   Section        0  gec_int.o(i.SPI1_IRQHandler)
    i.SPI2_IRQHandler                        0x08000a0a   Section        0  gec_int.o(i.SPI2_IRQHandler)
    i.SPI3_IRQHandler                        0x08000a14   Section        0  gec_int.o(i.SPI3_IRQHandler)
    i.SetSysClock                            0x08000a1e   Section        0  system_stm32f10x.o(i.SetSysClock)
    SetSysClock                              0x08000a1f   Thumb Code     8  system_stm32f10x.o(i.SetSysClock)
    i.SetSysClockTo72                        0x08000a28   Section        0  system_stm32f10x.o(i.SetSysClockTo72)
    SetSysClockTo72                          0x08000a29   Thumb Code   214  system_stm32f10x.o(i.SetSysClockTo72)
    i.SysTick_Config                         0x08000b08   Section        0  gec_time.o(i.SysTick_Config)
    SysTick_Config                           0x08000b09   Thumb Code    52  gec_time.o(i.SysTick_Config)
    i.SysTick_Handler                        0x08000b3c   Section        0  gec_time.o(i.SysTick_Handler)
    i.SystemInit                             0x08000b54   Section        0  system_stm32f10x.o(i.SystemInit)
    i.TIM1_CC_IRQHandler                     0x08000bb4   Section        0  gec_int.o(i.TIM1_CC_IRQHandler)
    i.TIM2_IRQHandler                        0x08000bbe   Section        0  gec_int.o(i.TIM2_IRQHandler)
    i.TIM3_IRQHandler                        0x08000bc8   Section        0  gec_int.o(i.TIM3_IRQHandler)
    i.TIM4_IRQHandler                        0x08000bd2   Section        0  gec_int.o(i.TIM4_IRQHandler)
    i.TIM5_IRQHandler                        0x08000bdc   Section        0  gec_int.o(i.TIM5_IRQHandler)
    i.TIM7_IRQHandler                        0x08000be6   Section        0  gec_int.o(i.TIM7_IRQHandler)
    i.TIM8_CC_IRQHandler                     0x08000bf0   Section        0  gec_int.o(i.TIM8_CC_IRQHandler)
    i.UART4_IRQHandler                       0x08000bfa   Section        0  gec_int.o(i.UART4_IRQHandler)
    i.UART5_IRQHandler                       0x08000c04   Section        0  gec_int.o(i.UART5_IRQHandler)
    i.USART1_IRQHandler                      0x08000c0e   Section        0  gec_int.o(i.USART1_IRQHandler)
    i.USART2_IRQHandler                      0x08000c18   Section        0  gec_int.o(i.USART2_IRQHandler)
    i.USART3_IRQHandler                      0x08000c22   Section        0  gec_int.o(i.USART3_IRQHandler)
    i.USART_Cmd                              0x08000c2c   Section        0  stm32f10x_usart.o(i.USART_Cmd)
    i.USART_GetFlagStatus                    0x08000c44   Section        0  stm32f10x_usart.o(i.USART_GetFlagStatus)
    i.USART_ITConfig                         0x08000c5e   Section        0  stm32f10x_usart.o(i.USART_ITConfig)
    i.USART_Init                             0x08000ca8   Section        0  stm32f10x_usart.o(i.USART_Init)
    i.USART_ReceiveData                      0x08000d80   Section        0  stm32f10x_usart.o(i.USART_ReceiveData)
    i.WWDG_IRQHandler                        0x08000d8a   Section        0  gec_int.o(i.WWDG_IRQHandler)
    i.car_back                               0x08000d94   Section        0  car_init.o(i.car_back)
    i.car_go                                 0x08000dc4   Section        0  car_init.o(i.car_go)
    i.car_inleft                             0x08000df4   Section        0  car_init.o(i.car_inleft)
    i.car_inright                            0x08000e24   Section        0  car_init.o(i.car_inright)
    i.car_left                               0x08000e54   Section        0  car_init.o(i.car_left)
    i.car_right                              0x08000e84   Section        0  car_init.o(i.car_right)
    i.car_stop                               0x08000eb4   Section        0  car_init.o(i.car_stop)
    i.gec_gpio_init                          0x08000ee4   Section        0  car_init.o(i.gec_gpio_init)
    i.get_exti_trigger                       0x08000f28   Section        0  gec_gpio.o(i.get_exti_trigger)
    get_exti_trigger                         0x08000f29   Thumb Code    34  gec_gpio.o(i.get_exti_trigger)
    i.get_gpio_clock_group                   0x08000f4c   Section        0  gec_gpio.o(i.get_gpio_clock_group)
    get_gpio_clock_group                     0x08000f4d   Thumb Code    74  gec_gpio.o(i.get_gpio_clock_group)
    i.get_gpio_exti_pin                      0x08000fb4   Section        0  gec_gpio.o(i.get_gpio_exti_pin)
    get_gpio_exti_pin                        0x08000fb5   Thumb Code   168  gec_gpio.o(i.get_gpio_exti_pin)
    i.get_gpio_exti_port                     0x0800105c   Section        0  gec_gpio.o(i.get_gpio_exti_port)
    get_gpio_exti_port                       0x0800105d   Thumb Code    72  gec_gpio.o(i.get_gpio_exti_port)
    i.get_stm32gpiomode                      0x080010c0   Section        0  gec_gpio.o(i.get_stm32gpiomode)
    get_stm32gpiomode                        0x080010c1   Thumb Code   142  gec_gpio.o(i.get_stm32gpiomode)
    i.main                                   0x0800114e   Section        0  main.o(i.main)
    i.mdelay                                 0x08001160   Section        0  gec_time.o(i.mdelay)
    i.uart_init                              0x080011a8   Section        0  car_init.o(i.uart_init)
    i.uart_init_do                           0x080011d4   Section        0  car_init.o(i.uart_init_do)
    .data                                    0x20000000   Section       20  stm32f10x_rcc.o(.data)
    APBAHBPrescTable                         0x20000000   Data          16  stm32f10x_rcc.o(.data)
    ADCPrescTable                            0x20000010   Data           4  stm32f10x_rcc.o(.data)
    .data                                    0x20000014   Section       20  system_stm32f10x.o(.data)
    .data                                    0x20000028   Section       12  gec_time.o(.data)
    cur_tid                                  0x20000028   Data           4  gec_time.o(.data)
    cnt                                      0x2000002c   Data           4  gec_time.o(.data)
    cpu_freq_hz                              0x20000030   Data           4  gec_time.o(.data)
    .bss                                     0x20000034   Section      364  gec_int.o(.bss)
    .bss                                     0x200001a0   Section       96  libspace.o(.bss)
    HEAP                                     0x20000200   Section      512  startup_stm32f10x_hd.o(HEAP)
    Heap_Mem                                 0x20000200   Data         512  startup_stm32f10x_hd.o(HEAP)
    STACK                                    0x20000400   Section     1024  startup_stm32f10x_hd.o(STACK)
    Stack_Mem                                0x20000400   Data        1024  startup_stm32f10x_hd.o(STACK)
    __initial_sp                             0x20000800   Data           0  startup_stm32f10x_hd.o(STACK)

    Global Symbols

    Symbol Name                              Value     Ov Type        Size  Object(Section)

    BuildAttributes$$THM_ISAv4$P$D$K$B$S$PE$A:L22UL41UL21$X:L11$S22US41US21$IEEE1$IW$USESV6$~STKCKD$USESV7$~SHL$OTIME$ROPI$EBA8$UX$STANDARDLIB$REQ8$PRES8$EABIv2 0x00000000   Number         0  anon$$obj.o ABSOLUTE
    __ARM_use_no_argv                        0x00000000   Number         0  main.o ABSOLUTE
    __ARM_exceptions_init                     - Undefined Weak Reference
    __alloca_initialize                       - Undefined Weak Reference
    __arm_preinit_                            - Undefined Weak Reference
    __cpp_initialize__aeabi_                  - Undefined Weak Reference
    __cxa_finalize                            - Undefined Weak Reference
    __rt_locale                               - Undefined Weak Reference
    __sigvec_lookup                           - Undefined Weak Reference
    __user_heap_extent                        - Undefined Weak Reference
    _atexit_init                              - Undefined Weak Reference
    _call_atexit_fns                          - Undefined Weak Reference
    _clock_init                               - Undefined Weak Reference
    _fp_trap_init                             - Undefined Weak Reference
    _fp_trap_shutdown                         - Undefined Weak Reference
    _get_lc_collate                           - Undefined Weak Reference
    _get_lc_ctype                             - Undefined Weak Reference
    _get_lc_monetary                          - Undefined Weak Reference
    _get_lc_numeric                           - Undefined Weak Reference
    _get_lc_time                              - Undefined Weak Reference
    _getenv_init                              - Undefined Weak Reference
    _handle_redirection                       - Undefined Weak Reference
    _initio                                   - Undefined Weak Reference
    _mutex_acquire                            - Undefined Weak Reference
    _mutex_free                               - Undefined Weak Reference
    _mutex_release                            - Undefined Weak Reference
    _rand_init                                - Undefined Weak Reference
    _signal_finish                            - Undefined Weak Reference
    _signal_init                              - Undefined Weak Reference
    _terminateio                              - Undefined Weak Reference
    __Vectors_Size                           0x00000130   Number         0  startup_stm32f10x_hd.o ABSOLUTE
    __Vectors                                0x08000000   Data           4  startup_stm32f10x_hd.o(RESET)
    __Vectors_End                            0x08000130   Data           0  startup_stm32f10x_hd.o(RESET)
    __main                                   0x08000131   Thumb Code     8  __main.o(!!!main)
    __scatterload                            0x08000139   Thumb Code     0  __scatter.o(!!!scatter)
    __scatterload_rt2                        0x08000139   Thumb Code    44  __scatter.o(!!!scatter)
    __scatterload_rt2_thumb_only             0x08000139   Thumb Code     0  __scatter.o(!!!scatter)
    __scatterload_null                       0x08000147   Thumb Code     0  __scatter.o(!!!scatter)
    __scatterload_copy                       0x0800016d   Thumb Code    26  __scatter_copy.o(!!handler_copy)
    __scatterload_zeroinit                   0x08000189   Thumb Code    28  __scatter_zi.o(!!handler_zi)
    __rt_lib_init                            0x080001a5   Thumb Code     0  libinit.o(.ARM.Collect$$libinit$$00000000)
    __rt_lib_init_alloca_1                   0x080001a7   Thumb Code     0  libinit2.o(.ARM.Collect$$libinit$$0000002E)
    __rt_lib_init_argv_1                     0x080001a7   Thumb Code     0  libinit2.o(.ARM.Collect$$libinit$$0000002C)
    __rt_lib_init_atexit_1                   0x080001a7   Thumb Code     0  libinit2.o(.ARM.Collect$$libinit$$0000001B)
    __rt_lib_init_clock_1                    0x080001a7   Thumb Code     0  libinit2.o(.ARM.Collect$$libinit$$00000021)
    __rt_lib_init_cpp_1                      0x080001a7   Thumb Code     0  libinit2.o(.ARM.Collect$$libinit$$00000032)
    __rt_lib_init_exceptions_1               0x080001a7   Thumb Code     0  libinit2.o(.ARM.Collect$$libinit$$00000030)
    __rt_lib_init_fp_1                       0x080001a7   Thumb Code     0  libinit2.o(.ARM.Collect$$libinit$$00000002)
    __rt_lib_init_fp_trap_1                  0x080001a7   Thumb Code     0  libinit2.o(.ARM.Collect$$libinit$$0000001F)
    __rt_lib_init_getenv_1                   0x080001a7   Thumb Code     0  libinit2.o(.ARM.Collect$$libinit$$00000023)
    __rt_lib_init_heap_1                     0x080001a7   Thumb Code     0  libinit2.o(.ARM.Collect$$libinit$$0000000A)
    __rt_lib_init_lc_collate_1               0x080001a7   Thumb Code     0  libinit2.o(.ARM.Collect$$libinit$$00000011)
    __rt_lib_init_lc_ctype_1                 0x080001a7   Thumb Code     0  libinit2.o(.ARM.Collect$$libinit$$00000013)
    __rt_lib_init_lc_monetary_1              0x080001a7   Thumb Code     0  libinit2.o(.ARM.Collect$$libinit$$00000015)
    __rt_lib_init_lc_numeric_1               0x080001a7   Thumb Code     0  libinit2.o(.ARM.Collect$$libinit$$00000017)
    __rt_lib_init_lc_time_1                  0x080001a7   Thumb Code     0  libinit2.o(.ARM.Collect$$libinit$$00000019)
    __rt_lib_init_preinit_1                  0x080001a7   Thumb Code     0  libinit2.o(.ARM.Collect$$libinit$$00000004)
    __rt_lib_init_rand_1                     0x080001a7   Thumb Code     0  libinit2.o(.ARM.Collect$$libinit$$0000000E)
    __rt_lib_init_return                     0x080001a7   Thumb Code     0  libinit2.o(.ARM.Collect$$libinit$$00000033)
    __rt_lib_init_signal_1                   0x080001a7   Thumb Code     0  libinit2.o(.ARM.Collect$$libinit$$0000001D)
    __rt_lib_init_stdio_1                    0x080001a7   Thumb Code     0  libinit2.o(.ARM.Collect$$libinit$$00000025)
    __rt_lib_init_user_alloc_1               0x080001a7   Thumb Code     0  libinit2.o(.ARM.Collect$$libinit$$0000000C)
    __rt_lib_shutdown                        0x080001a9   Thumb Code     0  libshutdown.o(.ARM.Collect$$libshutdown$$00000000)
    __rt_lib_shutdown_cpp_1                  0x080001ab   Thumb Code     0  libshutdown2.o(.ARM.Collect$$libshutdown$$00000002)
    __rt_lib_shutdown_fp_trap_1              0x080001ab   Thumb Code     0  libshutdown2.o(.ARM.Collect$$libshutdown$$00000007)
    __rt_lib_shutdown_heap_1                 0x080001ab   Thumb Code     0  libshutdown2.o(.ARM.Collect$$libshutdown$$0000000F)
    __rt_lib_shutdown_return                 0x080001ab   Thumb Code     0  libshutdown2.o(.ARM.Collect$$libshutdown$$00000010)
    __rt_lib_shutdown_signal_1               0x080001ab   Thumb Code     0  libshutdown2.o(.ARM.Collect$$libshutdown$$0000000A)
    __rt_lib_shutdown_stdio_1                0x080001ab   Thumb Code     0  libshutdown2.o(.ARM.Collect$$libshutdown$$00000004)
    __rt_lib_shutdown_user_alloc_1           0x080001ab   Thumb Code     0  libshutdown2.o(.ARM.Collect$$libshutdown$$0000000C)
    __rt_entry                               0x080001ad   Thumb Code     0  __rtentry.o(.ARM.Collect$$rtentry$$00000000)
    __rt_entry_presh_1                       0x080001ad   Thumb Code     0  __rtentry2.o(.ARM.Collect$$rtentry$$00000002)
    __rt_entry_sh                            0x080001ad   Thumb Code     0  __rtentry4.o(.ARM.Collect$$rtentry$$00000004)
    __rt_entry_li                            0x080001b3   Thumb Code     0  __rtentry2.o(.ARM.Collect$$rtentry$$0000000A)
    __rt_entry_postsh_1                      0x080001b3   Thumb Code     0  __rtentry2.o(.ARM.Collect$$rtentry$$00000009)
    __rt_entry_main                          0x080001b7   Thumb Code     0  __rtentry2.o(.ARM.Collect$$rtentry$$0000000D)
    __rt_entry_postli_1                      0x080001b7   Thumb Code     0  __rtentry2.o(.ARM.Collect$$rtentry$$0000000C)
    __rt_exit                                0x080001bf   Thumb Code     0  rtexit.o(.ARM.Collect$$rtexit$$00000000)
    __rt_exit_ls                             0x080001c1   Thumb Code     0  rtexit2.o(.ARM.Collect$$rtexit$$00000003)
    __rt_exit_prels_1                        0x080001c1   Thumb Code     0  rtexit2.o(.ARM.Collect$$rtexit$$00000002)
    __rt_exit_exit                           0x080001c5   Thumb Code     0  rtexit2.o(.ARM.Collect$$rtexit$$00000004)
    Reset_Handler                            0x080001cd   Thumb Code     8  startup_stm32f10x_hd.o(.text)
    NMI_Handler                              0x080001d5   Thumb Code     2  startup_stm32f10x_hd.o(.text)
    HardFault_Handler                        0x080001d7   Thumb Code     2  startup_stm32f10x_hd.o(.text)
    MemManage_Handler                        0x080001d9   Thumb Code     2  startup_stm32f10x_hd.o(.text)
    BusFault_Handler                         0x080001db   Thumb Code     2  startup_stm32f10x_hd.o(.text)
    UsageFault_Handler                       0x080001dd   Thumb Code     2  startup_stm32f10x_hd.o(.text)
    SVC_Handler                              0x080001df   Thumb Code     2  startup_stm32f10x_hd.o(.text)
    DebugMon_Handler                         0x080001e1   Thumb Code     2  startup_stm32f10x_hd.o(.text)
    PendSV_Handler                           0x080001e3   Thumb Code     2  startup_stm32f10x_hd.o(.text)
    ADC1_2_IRQHandler                        0x080001e7   Thumb Code     0  startup_stm32f10x_hd.o(.text)
    ADC3_IRQHandler                          0x080001e7   Thumb Code     0  startup_stm32f10x_hd.o(.text)
    DMA1_Channel1_IRQHandler                 0x080001e7   Thumb Code     0  startup_stm32f10x_hd.o(.text)
    DMA1_Channel2_IRQHandler                 0x080001e7   Thumb Code     0  startup_stm32f10x_hd.o(.text)
    DMA1_Channel3_IRQHandler                 0x080001e7   Thumb Code     0  startup_stm32f10x_hd.o(.text)
    DMA1_Channel4_IRQHandler                 0x080001e7   Thumb Code     0  startup_stm32f10x_hd.o(.text)
    DMA1_Channel5_IRQHandler                 0x080001e7   Thumb Code     0  startup_stm32f10x_hd.o(.text)
    DMA1_Channel6_IRQHandler                 0x080001e7   Thumb Code     0  startup_stm32f10x_hd.o(.text)
    DMA1_Channel7_IRQHandler                 0x080001e7   Thumb Code     0  startup_stm32f10x_hd.o(.text)
    DMA2_Channel1_IRQHandler                 0x080001e7   Thumb Code     0  startup_stm32f10x_hd.o(.text)
    DMA2_Channel2_IRQHandler                 0x080001e7   Thumb Code     0  startup_stm32f10x_hd.o(.text)
    DMA2_Channel3_IRQHandler                 0x080001e7   Thumb Code     0  startup_stm32f10x_hd.o(.text)
    DMA2_Channel4_5_IRQHandler               0x080001e7   Thumb Code     0  startup_stm32f10x_hd.o(.text)
    RTCAlarm_IRQHandler                      0x080001e7   Thumb Code     0  startup_stm32f10x_hd.o(.text)
    RTC_IRQHandler                           0x080001e7   Thumb Code     0  startup_stm32f10x_hd.o(.text)
    TAMPER_IRQHandler                        0x080001e7   Thumb Code     0  startup_stm32f10x_hd.o(.text)
    TIM1_BRK_IRQHandler                      0x080001e7   Thumb Code     0  startup_stm32f10x_hd.o(.text)
    TIM1_TRG_COM_IRQHandler                  0x080001e7   Thumb Code     0  startup_stm32f10x_hd.o(.text)
    TIM1_UP_IRQHandler                       0x080001e7   Thumb Code     0  startup_stm32f10x_hd.o(.text)
    TIM6_IRQHandler                          0x080001e7   Thumb Code     0  startup_stm32f10x_hd.o(.text)
    TIM8_BRK_IRQHandler                      0x080001e7   Thumb Code     0  startup_stm32f10x_hd.o(.text)
    TIM8_TRG_COM_IRQHandler                  0x080001e7   Thumb Code     0  startup_stm32f10x_hd.o(.text)
    TIM8_UP_IRQHandler                       0x080001e7   Thumb Code     0  startup_stm32f10x_hd.o(.text)
    USBWakeUp_IRQHandler                     0x080001e7   Thumb Code     0  startup_stm32f10x_hd.o(.text)
    USB_HP_CAN1_TX_IRQHandler                0x080001e7   Thumb Code     0  startup_stm32f10x_hd.o(.text)
    USB_LP_CAN1_RX0_IRQHandler               0x080001e7   Thumb Code     0  startup_stm32f10x_hd.o(.text)
    __user_initial_stackheap                 0x080001e9   Thumb Code     0  startup_stm32f10x_hd.o(.text)
    __use_two_region_memory                  0x0800020d   Thumb Code     2  heapauxi.o(.text)
    __rt_heap_escrow                         0x0800020f   Thumb Code     2  heapauxi.o(.text)
    __rt_heap_expand                         0x08000211   Thumb Code     2  heapauxi.o(.text)
    __user_libspace                          0x08000215   Thumb Code     8  libspace.o(.text)
    __user_perproc_libspace                  0x08000215   Thumb Code     0  libspace.o(.text)
    __user_perthread_libspace                0x08000215   Thumb Code     0  libspace.o(.text)
    __I$use$semihosting                      0x0800021d   Thumb Code     0  use_no_semi.o(.text)
    __use_no_semihosting_swi                 0x0800021d   Thumb Code     2  use_no_semi.o(.text)
    __semihosting_library_function           0x0800021f   Thumb Code     0  indicate_semi.o(.text)
    __user_setup_stackheap                   0x0800021f   Thumb Code    74  sys_stackheap_outer.o(.text)
    exit                                     0x08000269   Thumb Code    18  exit.o(.text)
    _sys_exit                                0x0800027d   Thumb Code     8  sys_exit.o(.text)
    CAN1_RX1_IRQHandler                      0x08000289   Thumb Code    10  gec_int.o(i.CAN1_RX1_IRQHandler)
    CAN1_SCE_IRQHandler                      0x08000293   Thumb Code    10  gec_int.o(i.CAN1_SCE_IRQHandler)
    EXTI0_IRQHandler                         0x0800029d   Thumb Code    10  gec_int.o(i.EXTI0_IRQHandler)
    EXTI15_10_IRQHandler                     0x080002a7   Thumb Code    10  gec_int.o(i.EXTI15_10_IRQHandler)
    EXTI1_IRQHandler                         0x080002b1   Thumb Code    10  gec_int.o(i.EXTI1_IRQHandler)
    EXTI2_IRQHandler                         0x080002bb   Thumb Code    10  gec_int.o(i.EXTI2_IRQHandler)
    EXTI3_IRQHandler                         0x080002c5   Thumb Code    10  gec_int.o(i.EXTI3_IRQHandler)
    EXTI4_IRQHandler                         0x080002cf   Thumb Code    10  gec_int.o(i.EXTI4_IRQHandler)
    EXTI9_5_IRQHandler                       0x080002d9   Thumb Code    10  gec_int.o(i.EXTI9_5_IRQHandler)
    EXTI_Init                                0x080002e5   Thumb Code   142  stm32f10x_exti.o(i.EXTI_Init)
    FLASH_IRQHandler                         0x08000379   Thumb Code    10  gec_int.o(i.FLASH_IRQHandler)
    FSMC_IRQHandler                          0x08000383   Thumb Code    10  gec_int.o(i.FSMC_IRQHandler)
    GPIO_EXTILineConfig                      0x0800038d   Thumb Code    60  stm32f10x_gpio.o(i.GPIO_EXTILineConfig)
    GPIO_Init                                0x080003cd   Thumb Code   278  stm32f10x_gpio.o(i.GPIO_Init)
    GPIO_PinRemapConfig                      0x080004e5   Thumb Code   138  stm32f10x_gpio.o(i.GPIO_PinRemapConfig)
    GPIO_WriteBit                            0x08000575   Thumb Code    10  stm32f10x_gpio.o(i.GPIO_WriteBit)
    Gec_GPIO_Init                            0x08000581   Thumb Code   204  gec_gpio.o(i.Gec_GPIO_Init)
    Gec_GPIO_Set_Value                       0x08000659   Thumb Code    28  gec_gpio.o(i.Gec_GPIO_Set_Value)
    Gec_IntHandler                           0x08000675   Thumb Code    24  gec_int.o(i.Gec_IntHandler)
    Gec_Int_Enable                           0x08000697   Thumb Code    28  gec_int.o(i.Gec_Int_Enable)
    Gec_Int_Register                         0x080006b5   Thumb Code    12  gec_int.o(i.Gec_Int_Register)
    Gec_UART_Init                            0x080006c5   Thumb Code   326  gec_uart.o(i.Gec_UART_Init)
    Gec_UART_Read                            0x08000821   Thumb Code    70  gec_uart.o(i.Gec_UART_Read)
    I2C1_ER_IRQHandler                       0x08000867   Thumb Code    10  gec_int.o(i.I2C1_ER_IRQHandler)
    I2C1_EV_IRQHandler                       0x08000871   Thumb Code    10  gec_int.o(i.I2C1_EV_IRQHandler)
    I2C2_ER_IRQHandler                       0x0800087b   Thumb Code    10  gec_int.o(i.I2C2_ER_IRQHandler)
    I2C2_EV_IRQHandler                       0x08000885   Thumb Code    10  gec_int.o(i.I2C2_EV_IRQHandler)
    NVIC_PriorityGroupConfig                 0x08000891   Thumb Code    10  misc.o(i.NVIC_PriorityGroupConfig)
    PVD_IRQHandler                           0x080008cd   Thumb Code    10  gec_int.o(i.PVD_IRQHandler)
    RCC_APB1PeriphClockCmd                   0x080008d9   Thumb Code    26  stm32f10x_rcc.o(i.RCC_APB1PeriphClockCmd)
    RCC_APB2PeriphClockCmd                   0x080008f9   Thumb Code    26  stm32f10x_rcc.o(i.RCC_APB2PeriphClockCmd)
    RCC_GetClocksFreq                        0x08000919   Thumb Code   192  stm32f10x_rcc.o(i.RCC_GetClocksFreq)
    RCC_IRQHandler                           0x080009ed   Thumb Code    10  gec_int.o(i.RCC_IRQHandler)
    SDIO_IRQHandler                          0x080009f7   Thumb Code    10  gec_int.o(i.SDIO_IRQHandler)
    SPI1_IRQHandler                          0x08000a01   Thumb Code    10  gec_int.o(i.SPI1_IRQHandler)
    SPI2_IRQHandler                          0x08000a0b   Thumb Code    10  gec_int.o(i.SPI2_IRQHandler)
    SPI3_IRQHandler                          0x08000a15   Thumb Code    10  gec_int.o(i.SPI3_IRQHandler)
    SysTick_Handler                          0x08000b3d   Thumb Code    18  gec_time.o(i.SysTick_Handler)
    SystemInit                               0x08000b55   Thumb Code    78  system_stm32f10x.o(i.SystemInit)
    TIM1_CC_IRQHandler                       0x08000bb5   Thumb Code    10  gec_int.o(i.TIM1_CC_IRQHandler)
    TIM2_IRQHandler                          0x08000bbf   Thumb Code    10  gec_int.o(i.TIM2_IRQHandler)
    TIM3_IRQHandler                          0x08000bc9   Thumb Code    10  gec_int.o(i.TIM3_IRQHandler)
    TIM4_IRQHandler                          0x08000bd3   Thumb Code    10  gec_int.o(i.TIM4_IRQHandler)
    TIM5_IRQHandler                          0x08000bdd   Thumb Code    10  gec_int.o(i.TIM5_IRQHandler)
    TIM7_IRQHandler                          0x08000be7   Thumb Code    10  gec_int.o(i.TIM7_IRQHandler)
    TIM8_CC_IRQHandler                       0x08000bf1   Thumb Code    10  gec_int.o(i.TIM8_CC_IRQHandler)
    UART4_IRQHandler                         0x08000bfb   Thumb Code    10  gec_int.o(i.UART4_IRQHandler)
    UART5_IRQHandler                         0x08000c05   Thumb Code    10  gec_int.o(i.UART5_IRQHandler)
    USART1_IRQHandler                        0x08000c0f   Thumb Code    10  gec_int.o(i.USART1_IRQHandler)
    USART2_IRQHandler                        0x08000c19   Thumb Code    10  gec_int.o(i.USART2_IRQHandler)
    USART3_IRQHandler                        0x08000c23   Thumb Code    10  gec_int.o(i.USART3_IRQHandler)
    USART_Cmd                                0x08000c2d   Thumb Code    24  stm32f10x_usart.o(i.USART_Cmd)
    USART_GetFlagStatus                      0x08000c45   Thumb Code    26  stm32f10x_usart.o(i.USART_GetFlagStatus)
    USART_ITConfig                           0x08000c5f   Thumb Code    74  stm32f10x_usart.o(i.USART_ITConfig)
    USART_Init                               0x08000ca9   Thumb Code   210  stm32f10x_usart.o(i.USART_Init)
    USART_ReceiveData                        0x08000d81   Thumb Code    10  stm32f10x_usart.o(i.USART_ReceiveData)
    WWDG_IRQHandler                          0x08000d8b   Thumb Code    10  gec_int.o(i.WWDG_IRQHandler)
    car_back                                 0x08000d95   Thumb Code    44  car_init.o(i.car_back)
    car_go                                   0x08000dc5   Thumb Code    44  car_init.o(i.car_go)
    car_inleft                               0x08000df5   Thumb Code    44  car_init.o(i.car_inleft)
    car_inright                              0x08000e25   Thumb Code    44  car_init.o(i.car_inright)
    car_left                                 0x08000e55   Thumb Code    44  car_init.o(i.car_left)
    car_right                                0x08000e85   Thumb Code    44  car_init.o(i.car_right)
    car_stop                                 0x08000eb5   Thumb Code    44  car_init.o(i.car_stop)
    gec_gpio_init                            0x08000ee5   Thumb Code    64  car_init.o(i.gec_gpio_init)
    main                                     0x0800114f   Thumb Code    16  main.o(i.main)
    mdelay                                   0x08001161   Thumb Code    62  gec_time.o(i.mdelay)
    uart_init                                0x080011a9   Thumb Code    36  car_init.o(i.uart_init)
    uart_init_do                             0x080011d5   Thumb Code   132  car_init.o(i.uart_init_do)
    Region$$Table$$Base                      0x0800125c   Number         0  anon$$obj.o(Region$$Table)
    Region$$Table$$Limit                     0x0800127c   Number         0  anon$$obj.o(Region$$Table)
    SystemCoreClock                          0x20000014   Data           4  system_stm32f10x.o(.data)
    AHBPrescTable                            0x20000018   Data          16  system_stm32f10x.o(.data)
    Gec_IntVectTbl                           0x20000034   Data         364  gec_int.o(.bss)
    __libspace_start                         0x200001a0   Data          96  libspace.o(.bss)
    __temporary_stack_top$libspace           0x20000200   Data           0  libspace.o(.bss)



==============================================================================

Memory Map of the image

  Image Entry point : 0x08000131

  Load Region LR_IROM1 (Base: 0x08000000, Size: 0x000012b0, Max: 0x00040000, ABSOLUTE)

    Execution Region ER_IROM1 (Exec base: 0x08000000, Load base: 0x08000000, Size: 0x0000127c, Max: 0x00040000, ABSOLUTE)

    Exec Addr    Load Addr    Size         Type   Attr      Idx    E Section Name        Object

    0x08000000   0x08000000   0x00000130   Data   RO           19    RESET               startup_stm32f10x_hd.o
    0x08000130   0x08000130   0x00000008   Code   RO         4488  * !!!main             c_w.l(__main.o)
    0x08000138   0x08000138   0x00000034   Code   RO         4734    !!!scatter          c_w.l(__scatter.o)
    0x0800016c   0x0800016c   0x0000001a   Code   RO         4736    !!handler_copy      c_w.l(__scatter_copy.o)
    0x08000186   0x08000186   0x00000002   PAD
    0x08000188   0x08000188   0x0000001c   Code   RO         4738    !!handler_zi        c_w.l(__scatter_zi.o)
    0x080001a4   0x080001a4   0x00000002   Code   RO         4673    .ARM.Collect$$libinit$$00000000  c_w.l(libinit.o)
    0x080001a6   0x080001a6   0x00000000   Code   RO         4555    .ARM.Collect$$libinit$$00000002  c_w.l(libinit2.o)
    0x080001a6   0x080001a6   0x00000000   Code   RO         4557    .ARM.Collect$$libinit$$00000004  c_w.l(libinit2.o)
    0x080001a6   0x080001a6   0x00000000   Code   RO         4560    .ARM.Collect$$libinit$$0000000A  c_w.l(libinit2.o)
    0x080001a6   0x080001a6   0x00000000   Code   RO         4562    .ARM.Collect$$libinit$$0000000C  c_w.l(libinit2.o)
    0x080001a6   0x080001a6   0x00000000   Code   RO         4564    .ARM.Collect$$libinit$$0000000E  c_w.l(libinit2.o)
    0x080001a6   0x080001a6   0x00000000   Code   RO         4567    .ARM.Collect$$libinit$$00000011  c_w.l(libinit2.o)
    0x080001a6   0x080001a6   0x00000000   Code   RO         4569    .ARM.Collect$$libinit$$00000013  c_w.l(libinit2.o)
    0x080001a6   0x080001a6   0x00000000   Code   RO         4571    .ARM.Collect$$libinit$$00000015  c_w.l(libinit2.o)
    0x080001a6   0x080001a6   0x00000000   Code   RO         4573    .ARM.Collect$$libinit$$00000017  c_w.l(libinit2.o)
    0x080001a6   0x080001a6   0x00000000   Code   RO         4575    .ARM.Collect$$libinit$$00000019  c_w.l(libinit2.o)
    0x080001a6   0x080001a6   0x00000000   Code   RO         4577    .ARM.Collect$$libinit$$0000001B  c_w.l(libinit2.o)
    0x080001a6   0x080001a6   0x00000000   Code   RO         4579    .ARM.Collect$$libinit$$0000001D  c_w.l(libinit2.o)
    0x080001a6   0x080001a6   0x00000000   Code   RO         4581    .ARM.Collect$$libinit$$0000001F  c_w.l(libinit2.o)
    0x080001a6   0x080001a6   0x00000000   Code   RO         4583    .ARM.Collect$$libinit$$00000021  c_w.l(libinit2.o)
    0x080001a6   0x080001a6   0x00000000   Code   RO         4585    .ARM.Collect$$libinit$$00000023  c_w.l(libinit2.o)
    0x080001a6   0x080001a6   0x00000000   Code   RO         4587    .ARM.Collect$$libinit$$00000025  c_w.l(libinit2.o)
    0x080001a6   0x080001a6   0x00000000   Code   RO         4591    .ARM.Collect$$libinit$$0000002C  c_w.l(libinit2.o)
    0x080001a6   0x080001a6   0x00000000   Code   RO         4593    .ARM.Collect$$libinit$$0000002E  c_w.l(libinit2.o)
    0x080001a6   0x080001a6   0x00000000   Code   RO         4595    .ARM.Collect$$libinit$$00000030  c_w.l(libinit2.o)
    0x080001a6   0x080001a6   0x00000000   Code   RO         4597    .ARM.Collect$$libinit$$00000032  c_w.l(libinit2.o)
    0x080001a6   0x080001a6   0x00000002   Code   RO         4598    .ARM.Collect$$libinit$$00000033  c_w.l(libinit2.o)
    0x080001a8   0x080001a8   0x00000002   Code   RO         4731    .ARM.Collect$$libshutdown$$00000000  c_w.l(libshutdown.o)
    0x080001aa   0x080001aa   0x00000000   Code   RO         4687    .ARM.Collect$$libshutdown$$00000002  c_w.l(libshutdown2.o)
    0x080001aa   0x080001aa   0x00000000   Code   RO         4689    .ARM.Collect$$libshutdown$$00000004  c_w.l(libshutdown2.o)
    0x080001aa   0x080001aa   0x00000000   Code   RO         4692    .ARM.Collect$$libshutdown$$00000007  c_w.l(libshutdown2.o)
    0x080001aa   0x080001aa   0x00000000   Code   RO         4695    .ARM.Collect$$libshutdown$$0000000A  c_w.l(libshutdown2.o)
    0x080001aa   0x080001aa   0x00000000   Code   RO         4697    .ARM.Collect$$libshutdown$$0000000C  c_w.l(libshutdown2.o)
    0x080001aa   0x080001aa   0x00000000   Code   RO         4700    .ARM.Collect$$libshutdown$$0000000F  c_w.l(libshutdown2.o)
    0x080001aa   0x080001aa   0x00000002   Code   RO         4701    .ARM.Collect$$libshutdown$$00000010  c_w.l(libshutdown2.o)
    0x080001ac   0x080001ac   0x00000000   Code   RO         4524    .ARM.Collect$$rtentry$$00000000  c_w.l(__rtentry.o)
    0x080001ac   0x080001ac   0x00000000   Code   RO         4616    .ARM.Collect$$rtentry$$00000002  c_w.l(__rtentry2.o)
    0x080001ac   0x080001ac   0x00000006   Code   RO         4628    .ARM.Collect$$rtentry$$00000004  c_w.l(__rtentry4.o)
    0x080001b2   0x080001b2   0x00000000   Code   RO         4618    .ARM.Collect$$rtentry$$00000009  c_w.l(__rtentry2.o)
    0x080001b2   0x080001b2   0x00000004   Code   RO         4619    .ARM.Collect$$rtentry$$0000000A  c_w.l(__rtentry2.o)
    0x080001b6   0x080001b6   0x00000000   Code   RO         4621    .ARM.Collect$$rtentry$$0000000C  c_w.l(__rtentry2.o)
    0x080001b6   0x080001b6   0x00000008   Code   RO         4622    .ARM.Collect$$rtentry$$0000000D  c_w.l(__rtentry2.o)
    0x080001be   0x080001be   0x00000002   Code   RO         4676    .ARM.Collect$$rtexit$$00000000  c_w.l(rtexit.o)
    0x080001c0   0x080001c0   0x00000000   Code   RO         4705    .ARM.Collect$$rtexit$$00000002  c_w.l(rtexit2.o)
    0x080001c0   0x080001c0   0x00000004   Code   RO         4706    .ARM.Collect$$rtexit$$00000003  c_w.l(rtexit2.o)
    0x080001c4   0x080001c4   0x00000006   Code   RO         4707    .ARM.Collect$$rtexit$$00000004  c_w.l(rtexit2.o)
    0x080001ca   0x080001ca   0x00000002   PAD
    0x080001cc   0x080001cc   0x00000040   Code   RO           20    .text               startup_stm32f10x_hd.o
    0x0800020c   0x0800020c   0x00000006   Code   RO         4486    .text               c_w.l(heapauxi.o)
    0x08000212   0x08000212   0x00000002   PAD
    0x08000214   0x08000214   0x00000008   Code   RO         4612    .text               c_w.l(libspace.o)
    0x0800021c   0x0800021c   0x00000002   Code   RO         4649    .text               c_w.l(use_no_semi.o)
    0x0800021e   0x0800021e   0x00000000   Code   RO         4651    .text               c_w.l(indicate_semi.o)
    0x0800021e   0x0800021e   0x0000004a   Code   RO         4652    .text               c_w.l(sys_stackheap_outer.o)
    0x08000268   0x08000268   0x00000012   Code   RO         4658    .text               c_w.l(exit.o)
    0x0800027a   0x0800027a   0x00000002   PAD
    0x0800027c   0x0800027c   0x0000000c   Code   RO         4674    .text               c_w.l(sys_exit.o)
    0x08000288   0x08000288   0x0000000a   Code   RO         3589    i.CAN1_RX1_IRQHandler  gec_int.o
    0x08000292   0x08000292   0x0000000a   Code   RO         3590    i.CAN1_SCE_IRQHandler  gec_int.o
    0x0800029c   0x0800029c   0x0000000a   Code   RO         3616    i.EXTI0_IRQHandler  gec_int.o
    0x080002a6   0x080002a6   0x0000000a   Code   RO         3617    i.EXTI15_10_IRQHandler  gec_int.o
    0x080002b0   0x080002b0   0x0000000a   Code   RO         3618    i.EXTI1_IRQHandler  gec_int.o
    0x080002ba   0x080002ba   0x0000000a   Code   RO         3619    i.EXTI2_IRQHandler  gec_int.o
    0x080002c4   0x080002c4   0x0000000a   Code   RO         3620    i.EXTI3_IRQHandler  gec_int.o
    0x080002ce   0x080002ce   0x0000000a   Code   RO         3621    i.EXTI4_IRQHandler  gec_int.o
    0x080002d8   0x080002d8   0x0000000a   Code   RO         3622    i.EXTI9_5_IRQHandler  gec_int.o
    0x080002e2   0x080002e2   0x00000002   PAD
    0x080002e4   0x080002e4   0x00000094   Code   RO          910    i.EXTI_Init         stm32f10x_exti.o
    0x08000378   0x08000378   0x0000000a   Code   RO         3623    i.FLASH_IRQHandler  gec_int.o
    0x08000382   0x08000382   0x0000000a   Code   RO         3625    i.FSMC_IRQHandler   gec_int.o
    0x0800038c   0x0800038c   0x00000040   Code   RO         1255    i.GPIO_EXTILineConfig  stm32f10x_gpio.o
    0x080003cc   0x080003cc   0x00000116   Code   RO         1258    i.GPIO_Init         stm32f10x_gpio.o
    0x080004e2   0x080004e2   0x00000002   PAD
    0x080004e4   0x080004e4   0x00000090   Code   RO         1260    i.GPIO_PinRemapConfig  stm32f10x_gpio.o
    0x08000574   0x08000574   0x0000000a   Code   RO         1269    i.GPIO_WriteBit     stm32f10x_gpio.o
    0x0800057e   0x0800057e   0x00000002   PAD
    0x08000580   0x08000580   0x000000d8   Code   RO         3475    i.Gec_GPIO_Init     gec_gpio.o
    0x08000658   0x08000658   0x0000001c   Code   RO         3476    i.Gec_GPIO_Set_Value  gec_gpio.o
    0x08000674   0x08000674   0x00000020   Code   RO         3626    i.Gec_IntHandler    gec_int.o
    0x08000694   0x08000694   0x00000002   Code   RO         3627    i.Gec_IntHandler_Dummy  gec_int.o
    0x08000696   0x08000696   0x0000001c   Code   RO         3629    i.Gec_Int_Enable    gec_int.o
    0x080006b2   0x080006b2   0x00000002   PAD
    0x080006b4   0x080006b4   0x00000010   Code   RO         3631    i.Gec_Int_Register  gec_int.o
    0x080006c4   0x080006c4   0x0000015c   Code   RO         4252    i.Gec_UART_Init     gec_uart.o
    0x08000820   0x08000820   0x00000046   Code   RO         4253    i.Gec_UART_Read     gec_uart.o
    0x08000866   0x08000866   0x0000000a   Code   RO         3634    i.I2C1_ER_IRQHandler  gec_int.o
    0x08000870   0x08000870   0x0000000a   Code   RO         3635    i.I2C1_EV_IRQHandler  gec_int.o
    0x0800087a   0x0800087a   0x0000000a   Code   RO         3636    i.I2C2_ER_IRQHandler  gec_int.o
    0x08000884   0x08000884   0x0000000a   Code   RO         3637    i.I2C2_EV_IRQHandler  gec_int.o
    0x0800088e   0x0800088e   0x00000002   PAD
    0x08000890   0x08000890   0x00000014   Code   RO           25    i.NVIC_PriorityGroupConfig  misc.o
    0x080008a4   0x080008a4   0x00000028   Code   RO         4146    i.NVIC_SetPriority  gec_time.o
    0x080008cc   0x080008cc   0x0000000a   Code   RO         3646    i.PVD_IRQHandler    gec_int.o
    0x080008d6   0x080008d6   0x00000002   PAD
    0x080008d8   0x080008d8   0x00000020   Code   RO         1674    i.RCC_APB1PeriphClockCmd  stm32f10x_rcc.o
    0x080008f8   0x080008f8   0x00000020   Code   RO         1676    i.RCC_APB2PeriphClockCmd  stm32f10x_rcc.o
    0x08000918   0x08000918   0x000000d4   Code   RO         1684    i.RCC_GetClocksFreq  stm32f10x_rcc.o
    0x080009ec   0x080009ec   0x0000000a   Code   RO         3647    i.RCC_IRQHandler    gec_int.o
    0x080009f6   0x080009f6   0x0000000a   Code   RO         3650    i.SDIO_IRQHandler   gec_int.o
    0x08000a00   0x08000a00   0x0000000a   Code   RO         3651    i.SPI1_IRQHandler   gec_int.o
    0x08000a0a   0x08000a0a   0x0000000a   Code   RO         3652    i.SPI2_IRQHandler   gec_int.o
    0x08000a14   0x08000a14   0x0000000a   Code   RO         3653    i.SPI3_IRQHandler   gec_int.o
    0x08000a1e   0x08000a1e   0x00000008   Code   RO         3553    i.SetSysClock       system_stm32f10x.o
    0x08000a26   0x08000a26   0x00000002   PAD
    0x08000a28   0x08000a28   0x000000e0   Code   RO         3554    i.SetSysClockTo72   system_stm32f10x.o
    0x08000b08   0x08000b08   0x00000034   Code   RO         4147    i.SysTick_Config    gec_time.o
    0x08000b3c   0x08000b3c   0x00000018   Code   RO         4148    i.SysTick_Handler   gec_time.o
    0x08000b54   0x08000b54   0x00000060   Code   RO         3556    i.SystemInit        system_stm32f10x.o
    0x08000bb4   0x08000bb4   0x0000000a   Code   RO         3656    i.TIM1_CC_IRQHandler  gec_int.o
    0x08000bbe   0x08000bbe   0x0000000a   Code   RO         3659    i.TIM2_IRQHandler   gec_int.o
    0x08000bc8   0x08000bc8   0x0000000a   Code   RO         3660    i.TIM3_IRQHandler   gec_int.o
    0x08000bd2   0x08000bd2   0x0000000a   Code   RO         3661    i.TIM4_IRQHandler   gec_int.o
    0x08000bdc   0x08000bdc   0x0000000a   Code   RO         3662    i.TIM5_IRQHandler   gec_int.o
    0x08000be6   0x08000be6   0x0000000a   Code   RO         3664    i.TIM7_IRQHandler   gec_int.o
    0x08000bf0   0x08000bf0   0x0000000a   Code   RO         3666    i.TIM8_CC_IRQHandler  gec_int.o
    0x08000bfa   0x08000bfa   0x0000000a   Code   RO         3669    i.UART4_IRQHandler  gec_int.o
    0x08000c04   0x08000c04   0x0000000a   Code   RO         3670    i.UART5_IRQHandler  gec_int.o
    0x08000c0e   0x08000c0e   0x0000000a   Code   RO         3671    i.USART1_IRQHandler  gec_int.o
    0x08000c18   0x08000c18   0x0000000a   Code   RO         3672    i.USART2_IRQHandler  gec_int.o
    0x08000c22   0x08000c22   0x0000000a   Code   RO         3673    i.USART3_IRQHandler  gec_int.o
    0x08000c2c   0x08000c2c   0x00000018   Code   RO         2844    i.USART_Cmd         stm32f10x_usart.o
    0x08000c44   0x08000c44   0x0000001a   Code   RO         2847    i.USART_GetFlagStatus  stm32f10x_usart.o
    0x08000c5e   0x08000c5e   0x0000004a   Code   RO         2850    i.USART_ITConfig    stm32f10x_usart.o
    0x08000ca8   0x08000ca8   0x000000d8   Code   RO         2851    i.USART_Init        stm32f10x_usart.o
    0x08000d80   0x08000d80   0x0000000a   Code   RO         2858    i.USART_ReceiveData  stm32f10x_usart.o
    0x08000d8a   0x08000d8a   0x0000000a   Code   RO         3675    i.WWDG_IRQHandler   gec_int.o
    0x08000d94   0x08000d94   0x00000030   Code   RO         4341    i.car_back          car_init.o
    0x08000dc4   0x08000dc4   0x00000030   Code   RO         4342    i.car_go            car_init.o
    0x08000df4   0x08000df4   0x00000030   Code   RO         4343    i.car_inleft        car_init.o
    0x08000e24   0x08000e24   0x00000030   Code   RO         4344    i.car_inright       car_init.o
    0x08000e54   0x08000e54   0x00000030   Code   RO         4345    i.car_left          car_init.o
    0x08000e84   0x08000e84   0x00000030   Code   RO         4346    i.car_right         car_init.o
    0x08000eb4   0x08000eb4   0x00000030   Code   RO         4347    i.car_stop          car_init.o
    0x08000ee4   0x08000ee4   0x00000044   Code   RO         4348    i.gec_gpio_init     car_init.o
    0x08000f28   0x08000f28   0x00000022   Code   RO         3478    i.get_exti_trigger  gec_gpio.o
    0x08000f4a   0x08000f4a   0x00000002   PAD
    0x08000f4c   0x08000f4c   0x00000068   Code   RO         3479    i.get_gpio_clock_group  gec_gpio.o
    0x08000fb4   0x08000fb4   0x000000a8   Code   RO         3480    i.get_gpio_exti_pin  gec_gpio.o
    0x0800105c   0x0800105c   0x00000064   Code   RO         3481    i.get_gpio_exti_port  gec_gpio.o
    0x080010c0   0x080010c0   0x0000008e   Code   RO         3482    i.get_stm32gpiomode  gec_gpio.o
    0x0800114e   0x0800114e   0x00000010   Code   RO         4318    i.main              main.o
    0x0800115e   0x0800115e   0x00000002   PAD
    0x08001160   0x08001160   0x00000048   Code   RO         4149    i.mdelay            gec_time.o
    0x080011a8   0x080011a8   0x0000002c   Code   RO         4350    i.uart_init         car_init.o
    0x080011d4   0x080011d4   0x00000088   Code   RO         4351    i.uart_init_do      car_init.o
    0x0800125c   0x0800125c   0x00000020   Data   RO         4732    Region$$Table       anon$$obj.o


    Execution Region RW_IRAM1 (Exec base: 0x20000000, Load base: 0x0800127c, Size: 0x00000800, Max: 0x0000c000, ABSOLUTE)

    Exec Addr    Load Addr    Size         Type   Attr      Idx    E Section Name        Object

    0x20000000   0x0800127c   0x00000014   Data   RW         1704    .data               stm32f10x_rcc.o
    0x20000014   0x08001290   0x00000014   Data   RW         3557    .data               system_stm32f10x.o
    0x20000028   0x080012a4   0x0000000c   Data   RW         4152    .data               gec_time.o
    0x20000034        -       0x0000016c   Zero   RW         3676    .bss                gec_int.o
    0x200001a0        -       0x00000060   Zero   RW         4613    .bss                c_w.l(libspace.o)
    0x20000200        -       0x00000200   Zero   RW           18    HEAP                startup_stm32f10x_hd.o
    0x20000400        -       0x00000400   Zero   RW           17    STACK               startup_stm32f10x_hd.o


==============================================================================

Image component sizes


      Code (inc. data)   RO Data    RW Data    ZI Data      Debug   Object Name

       584         44          0          0          0       4560   car_init.o
         0          0          0          0          0       4532   core_cm3.o
       792         70          0          0          0       5353   gec_gpio.o
       418         12          0          0        364      33003   gec_int.o
       188         24          0         12          0       3419   gec_time.o
       418         22          0          0          0       2208   gec_uart.o
        16          0          0          0          0        415   main.o
        20         10          0          0          0     228827   misc.o
        64         26        304          0       1536        792   startup_stm32f10x_hd.o
       148          6          0          0          0       1040   stm32f10x_exti.o
       496         10          0          0          0       3972   stm32f10x_gpio.o
       276         32          0         20          0       4414   stm32f10x_rcc.o
       350          6          0          0          0       4824   stm32f10x_usart.o
       328         28          0         20          0       2273   system_stm32f10x.o
         0          0          0          0          0       2588   uart.o

    ----------------------------------------------------------------------
      4116        290        336         52       1900     302220   Object Totals
         0          0         32          0          0          0   (incl. Generated)
        18          0          0          0          0          0   (incl. Padding)

    ----------------------------------------------------------------------

      Code (inc. data)   RO Data    RW Data    ZI Data      Debug   Library Member Name

         8          0          0          0          0         68   __main.o
         0          0          0          0          0          0   __rtentry.o
        12          0          0          0          0          0   __rtentry2.o
         6          0          0          0          0          0   __rtentry4.o
        52          8          0          0          0          0   __scatter.o
        26          0          0          0          0          0   __scatter_copy.o
        28          0          0          0          0          0   __scatter_zi.o
        18          0          0          0          0         80   exit.o
         6          0          0          0          0        152   heapauxi.o
         0          0          0          0          0          0   indicate_semi.o
         2          0          0          0          0          0   libinit.o
         2          0          0          0          0          0   libinit2.o
         2          0          0          0          0          0   libshutdown.o
         2          0          0          0          0          0   libshutdown2.o
         8          4          0          0         96         68   libspace.o
         2          0          0          0          0          0   rtexit.o
        10          0          0          0          0          0   rtexit2.o
        12          4          0          0          0         68   sys_exit.o
        74          0          0          0          0         80   sys_stackheap_outer.o
         2          0          0          0          0         68   use_no_semi.o

    ----------------------------------------------------------------------
       280         16          0          0         96        584   Library Totals
         8          0          0          0          0          0   (incl. Padding)

    ----------------------------------------------------------------------

      Code (inc. data)   RO Data    RW Data    ZI Data      Debug   Library Name

       272         16          0          0         96        584   c_w.l

    ----------------------------------------------------------------------
       280         16          0          0         96        584   Library Totals

    ----------------------------------------------------------------------

==============================================================================


      Code (inc. data)   RO Data    RW Data    ZI Data      Debug   

      4396        306        336         52       1996     298692   Grand Totals
      4396        306        336         52       1996     298692   ELF Image Totals
      4396        306        336         52          0          0   ROM Totals

==============================================================================

    Total RO  Size (Code + RO Data)                 4732 (   4.62kB)
    Total RW  Size (RW Data + ZI Data)              2048 (   2.00kB)
    Total ROM Size (Code + RO Data + RW Data)       4784 (   4.67kB)

==============================================================================

